[MLflow] Initialized experiment 'BTC_Trading_Bot' with tracking URI 'sqlite:///mlflow.db'
{"timestamp_utc": "2026-08-12T15:05:41.631400+00:00", "level": "WARNING", "logger": "trading_bot", "message": "train notice: Invalid classes inferred from unique values of `y`.  Expected: [0], got [1]", "correlation_id": "3b45f27a-6050-43ad-9187-a61a59b757ba", "module": "logger", "line_no": 47}
{"timestamp_utc": "2026-08-12T15:05:41.665862+00:00", "level": "WARNING", "logger": "trading_bot", "message": "train notice: Found array with 1 sample(s) (shape=(1, 2)) while a minimum of 2 is required by LGBMClassifier.", "correlation_id": "db14319e-6a44-443a-a712-c8dce4c45ea3", "module": "logger", "line_no": 47}
{"timestamp_utc": "2026-08-12T15:05:41.747199+00:00", "level": "WARNING", "logger": "trading_bot", "message": "train notice: catboost/cuda/cuda_lib/cuda_base.h:265: CUDA error 35: CUDA driver version is insufficient for CUDA runtime version", "correlation_id": "e64f42ba-5790-41c9-9609-d52516bcb9a6", "module": "logger", "line_no": 47}
🛡️ [Risk Governance] Startup assertion passed: all active parameters comply with hard safety limits.
🛡️ [Risk Governance] Startup assertion passed: all active parameters comply with hard safety limits.
{"timestamp_utc": "2026-08-12T15:05:41.751839+00:00", "level": "INFO", "logger": "trading_bot", "message": "\u2705 [Config Verifier M-2] All cross-file train.py vs config.py constants strictly verified.", "correlation_id": "2b0d89a6-318c-44ac-b10f-0ec9cdf74484", "module": "logger", "line_no": 47}
[System Debug] os imported.
[System Debug] Thread env vars set.
[StateManager] Connected to Redis server with authentication.
[Database] SQLite integrity check passed.
[System Debug] Importing websocket...
[System Debug] websocket imported.
[System Debug] Importing pandas/numpy/joblib...
[System Debug] pandas/numpy/joblib imported.
[System Debug] Importing ta...
[System Debug] ta imported.
[System Debug] Importing data.py...
[System Debug] Importing Flask...
Loaded feature counts - Trending: 22, Ranging: 22 for interval 15
[News/Sentiment] Background updater thread started.
[Bybit Balance] Background updater thread started.
[WebSocket Connecting] url=wss://stream.bybit.com/v5/public/linear
[WebSocket Private Connecting] url=wss://stream.bybit.com/v5/private
[WebSocket Watchdog] Active keep-alive thread started.
[Price Fallback] Background updater thread started.
[Order Flow] Persister background thread started.
[Funding Arb] Monitor started.
[Backup Scheduler] Daily database backup scheduler started.
[Daily Summary Scheduler] Dedicated 00:00 UTC summary report scheduler started.
{"timestamp_utc": "2026-08-12T15:05:42.556525+00:00", "level": "INFO", "logger": "trading_bot", "message": "[SignalEvaluator] Background market evaluation worker thread started.", "correlation_id": "5ac6881c-83db-422f-9b73-4b297676bf95", "module": "logger", "line_no": 47}
{"timestamp_utc": "2026-08-12T15:05:42.556754+00:00", "level": "INFO", "logger": "trading_bot", "message": "[SignalEvaluator Startup] All 10 feature-contract manifests present and verified.", "correlation_id": "75513671-9afa-4f48-93d8-f513aca09a3a", "module": "logger", "line_no": 47}
 * Serving Flask app 'main'
 * Debug mode: off
[Bybit API] Successfully synced time offset: -9ms
Connected to Bybit WebSocket for multi-asset prices and order flow
[WebSocket Private] Connected. Authenticating...
[WebSocket Private] Authentication successful. Subscribing to topics...
[Model Governance Warning] Could not load from MLflow registry (Registered Model with name=btc_15m_trending_clf not found) — caching MLflow unreachable
[News/Sentiment] Fetched 10 articles from Cointelegraph RSS.
{"timestamp_utc": "2026-08-12T15:05:42.620933+00:00", "level": "INFO", "logger": "trading_bot", "message": "[BTCUSDT 15m Manifest Audit] Effective Barrier Config: {'tp_mult_trending': 1.4, 'tp_mult_ranging': 1.35, 'sl_mult': 1.25, 'lookahead': 12, 'regime_adx_enter': 22.0}", "correlation_id": "dd86153c-e7c0-4a89-b264-bb3f02027394", "module": "logger", "line_no": 47}
{"timestamp_utc": "2026-08-12T15:05:42.733607+00:00", "level": "WARNING", "logger": "trading_bot", "message": "Ensemble notice: Manifest signature invalid \u2014 refusing to load", "correlation_id": "a21047a6-3ea5-4fe8-8629-a21876c042dd", "module": "logger", "line_no": 47}
[Model Governance] Loaded 'ensemble_trending_trend_15' | Model: v7.2.0-f2b1393a-202608061021 | Feature: v3.1.0 | Ensemble: v3.0_stacking | SHA: c53a7e59 | Features: 22
[News/Sentiment] Fetched 10 articles from CoinDesk RSS.
{"timestamp_utc": "2026-08-12T15:05:42.807252+00:00", "level": "INFO", "logger": "trading_bot", "message": "[BTCUSDT 15m Manifest Audit] Effective Barrier Config: {'tp_mult_trending': 1.65, 'tp_mult_ranging': 1.35, 'sl_mult': 1.25, 'lookahead': 12, 'regime_adx_enter': 22.0}", "correlation_id": "edbc471e-89f5-407b-9f78-44588b9b170a", "module": "logger", "line_no": 47}
[Model Governance] Loaded 'ensemble_trending_price_15' | Model: v7.2.0-9aa1aeb6-202608101251 | Feature: v3.1.0 | Ensemble: v3.0_stacking | SHA: c53a7e59 | Features: 22
[Bybit Balance] Startup background update success: 75.50621454
{"timestamp_utc": "2026-08-12T15:05:42.957684+00:00", "level": "INFO", "logger": "trading_bot", "message": "[BTCUSDT 15m Manifest Audit] Effective Barrier Config: {'tp_mult_trending': 1.4, 'tp_mult_ranging': 1.4, 'sl_mult': 1.25, 'lookahead': 12, 'regime_adx_enter': 22.0}", "correlation_id": "7e21dc3e-340a-49eb-8a27-723894f412c6", "module": "logger", "line_no": 47}
{"timestamp_utc": "2026-08-12T15:05:42.989253+00:00", "level": "WARNING", "logger": "trading_bot", "message": "Ensemble notice: Manifest signature invalid \u2014 refusing to load", "correlation_id": "9f63cbc7-e677-410f-810c-ce23593a6830", "module": "logger", "line_no": 47}
Warning: Could not load ensemble models for interval 15: [Model Governance Contract Error] Feature contract hash mismatch for 'ensemble_ranging_trend_15': Manifest Hash 'da8b865891aa' != Live Feature Hash '44acc0809fe0'. Model refused loading (Fail-Closed).
Loaded feature counts - Trending: 25, Ranging: 25 for interval 30
{"timestamp_utc": "2026-08-12T15:05:42.992446+00:00", "level": "INFO", "logger": "trading_bot", "message": "[BTCUSDT 30m Manifest Audit] Effective Barrier Config: {'tp_mult_trending': 1.75, 'tp_mult_ranging': 1.45, 'sl_mult': 1.2, 'lookahead': 12, 'regime_adx_enter': 32.0}", "correlation_id": "f7707fdb-794f-446a-b838-08b990900f23", "module": "logger", "line_no": 47}
[Model Governance] Loaded 'ensemble_trending_trend_30' | Model: v7.2.0-f2b1393a-202608061021 | Feature: v3.1.0 | Ensemble: v3.0_stacking | SHA: 073eeb61 | Features: 25
{"timestamp_utc": "2026-08-12T15:05:43.031952+00:00", "level": "INFO", "logger": "trading_bot", "message": "[BTCUSDT 30m Manifest Audit] Effective Barrier Config: {'tp_mult_trending': 1.75, 'tp_mult_ranging': 1.45, 'sl_mult': 1.2, 'lookahead': 12, 'regime_adx_enter': 28.0}", "correlation_id": "3bcd0bf2-d61f-4735-b5e5-c9ac6cc91a35", "module": "logger", "line_no": 47}
[Model Governance] Loaded 'ensemble_trending_price_30' | Model: v7.2.0-9aa1aeb6-202608101230 | Feature: v3.1.0 | Ensemble: v3.0_stacking | SHA: 9aa1aeb6 | Features: 25
{"timestamp_utc": "2026-08-12T15:05:43.102536+00:00", "level": "INFO", "logger": "trading_bot", "message": "[BTCUSDT 30m Manifest Audit] Effective Barrier Config: {'tp_mult_trending': 1.75, 'tp_mult_ranging': 1.45, 'sl_mult': 1.2, 'lookahead': 12, 'regime_adx_enter': 32.0}", "correlation_id": "8323662e-1e3a-4571-9789-d23b03b1a8cc", "module": "logger", "line_no": 47}
[Model Governance] Loaded 'ensemble_ranging_trend_30' | Model: v7.2.0-f2b1393a-202608061021 | Feature: v3.1.0 | Ensemble: v3.0_stacking | SHA: 073eeb61 | Features: 25
{"timestamp_utc": "2026-08-12T15:05:43.152342+00:00", "level": "INFO", "logger": "trading_bot", "message": "[BTCUSDT 30m Manifest Audit] Effective Barrier Config: {'tp_mult_trending': 1.75, 'tp_mult_ranging': 1.45, 'sl_mult': 1.2, 'lookahead': 12, 'regime_adx_enter': 32.0}", "correlation_id": "fc314a16-4c40-4f1a-97cf-3a85bc593182", "module": "logger", "line_no": 47}
[Model Governance] Loaded 'ensemble_ranging_price_30' | Model: v7.2.0-f2b1393a-202608061021 | Feature: v3.1.0 | Ensemble: v3.0_stacking | SHA: 073eeb61 | Features: 25
Loaded Isotonic Regression calibrator: calibrator_trending_30.json
Loaded Isotonic Regression calibrator: calibrator_ranging_30.json
Successfully loaded ensemble and meta models for interval 30
Loaded feature counts - Trending: 34, Ranging: 34 for interval 60
{"timestamp_utc": "2026-08-12T15:05:43.486991+00:00", "level": "INFO", "logger": "trading_bot", "message": "[BTCUSDT 60m Manifest Audit] Effective Barrier Config: {'tp_mult_trending': 1.4, 'tp_mult_ranging': 1.2, 'sl_mult': 1.0, 'lookahead': 10, 'regime_adx_enter': 22.0}", "correlation_id": "ad595552-9c25-4fe0-95ba-9856a2048106", "module": "logger", "line_no": 47}
{"timestamp_utc": "2026-08-12T15:05:43.538970+00:00", "level": "INFO", "logger": "trading_bot", "message": "[WS] control message: {'success': True, 'ret_msg': '', 'conn_id': 'd9tcajmgcca9r5l6sugg-e6im', 'req_id': '', 'op': 'subscribe'}", "correlation_id": "5132ed0a-8fca-4952-80c2-c5d3d746849a", "module": "logger", "line_no": 47}
[Model Governance] Loaded 'ensemble_trending_trend_60' | Model: v7.2.0-f2b1393a-202608061021 | Feature: v3.1.0 | Ensemble: v3.0_stacking | SHA: db6b44dd | Features: 34
{"timestamp_utc": "2026-08-12T15:05:43.573176+00:00", "level": "INFO", "logger": "trading_bot", "message": "[WS] control message: {'success': True, 'ret_msg': '', 'conn_id': 'd9tcajmgcca9r5l6sugg-e6im', 'req_id': '', 'op': 'subscribe'}", "correlation_id": "1b9e00eb-c3f4-4afa-ac06-7da83ae61d4f", "module": "logger", "line_no": 47}
{"timestamp_utc": "2026-08-12T15:05:43.599277+00:00", "level": "INFO", "logger": "trading_bot", "message": "[BTCUSDT 60m Manifest Audit] Effective Barrier Config: {'tp_mult_trending': 1.4, 'tp_mult_ranging': 1.2, 'sl_mult': 1.0, 'lookahead': 10, 'regime_adx_enter': 22.0}", "correlation_id": "355918b7-6351-4699-8e99-fc8054af53c5", "module": "logger", "line_no": 47}
{"timestamp_utc": "2026-08-12T15:05:43.609902+00:00", "level": "INFO", "logger": "trading_bot", "message": "[WS] control message: {'success': True, 'ret_msg': '', 'conn_id': 'd9tcajmgcca9r5l6sugg-e6im', 'req_id': '', 'op': 'subscribe'}", "correlation_id": "4483b2b2-e58f-43f1-b107-b41dc86d6946", "module": "logger", "line_no": 47}
[Model Governance] Loaded 'ensemble_trending_price_60' | Model: v7.2.0-9aa1aeb6-202608101230 | Feature: v3.1.0 | Ensemble: v3.0_stacking | SHA: db6b44dd | Features: 34
{"timestamp_utc": "2026-08-12T15:05:43.700737+00:00", "level": "INFO", "logger": "trading_bot", "message": "[WS] control message: {'success': True, 'ret_msg': 'pong', 'conn_id': 'd9tcajmgcca9r5l6sugg-e6im', 'req_id': '', 'op': 'ping'}", "correlation_id": "c3105473-d77b-4f6b-b8f3-7404bba8c233", "module": "logger", "line_no": 47}
{"timestamp_utc": "2026-08-12T15:05:43.710297+00:00", "level": "INFO", "logger": "trading_bot", "message": "[BTCUSDT 60m Manifest Audit] Effective Barrier Config: {'tp_mult_trending': 1.4, 'tp_mult_ranging': 1.2, 'sl_mult': 1.0, 'lookahead': 10, 'regime_adx_enter': 22.0}", "correlation_id": "ac52441b-653f-445e-825a-4a6dc61f78a9", "module": "logger", "line_no": 47}
[Model Governance] Loaded 'ensemble_ranging_trend_60' | Model: v7.2.0-f2b1393a-202608061021 | Feature: v3.1.0 | Ensemble: v3.0_stacking | SHA: db6b44dd | Features: 34
{"timestamp_utc": "2026-08-12T15:05:43.775721+00:00", "level": "INFO", "logger": "trading_bot", "message": "[BTCUSDT 60m Manifest Audit] Effective Barrier Config: {'tp_mult_trending': 1.4, 'tp_mult_ranging': 1.2, 'sl_mult': 1.0, 'lookahead': 10, 'regime_adx_enter': 22.0}", "correlation_id": "3faa691b-7b3d-4f3f-9237-96208bf4cec6", "module": "logger", "line_no": 47}
[Model Governance] Loaded 'ensemble_ranging_price_60' | Model: v7.2.0-9aa1aeb6-202608101229 | Feature: v3.1.0 | Ensemble: v3.0_stacking | SHA: db6b44dd | Features: 34
Loaded Isotonic Regression calibrator: calibrator_trending_60.json
Loaded Isotonic Regression calibrator: calibrator_ranging_60.json
Successfully loaded ensemble and meta models for interval 60
[Telegram Command Listener] Active. Monitoring authorized chats: ['8957269359']
Loaded feature counts - Trending: 46, Ranging: 46 for interval 120
{"timestamp_utc": "2026-08-12T15:05:44.143361+00:00", "level": "INFO", "logger": "trading_bot", "message": "[BTCUSDT 120m Manifest Audit] Effective Barrier Config: {'tp_mult_trending': 2.7, 'tp_mult_ranging': 2.16, 'sl_mult': 1.2, 'lookahead': 12, 'regime_adx_enter': 28.0}", "correlation_id": "44701943-4fee-4a0b-b3a1-54962f499d55", "module": "logger", "line_no": 47}
[Model Governance] Loaded 'ensemble_trending_trend_120' | Model: v7.2.0-f2b1393a-202608061021 | Feature: v3.1.0 | Ensemble: v3.0_stacking | SHA: 073eeb61 | Features: 46
{"timestamp_utc": "2026-08-12T15:05:44.206875+00:00", "level": "INFO", "logger": "trading_bot", "message": "[BTCUSDT 120m Manifest Audit] Effective Barrier Config: {'tp_mult_trending': 2.7, 'tp_mult_ranging': 2.16, 'sl_mult': 1.2, 'lookahead': 12, 'regime_adx_enter': 28.0}", "correlation_id": "6940ac9c-dc35-46ee-8c3f-44b96f8b559f", "module": "logger", "line_no": 47}
[News/Sentiment] Fetched 5 posts from r/CryptoCurrency RSS.
[Model Governance] Loaded 'ensemble_trending_price_120' | Model: v7.2.0-9aa1aeb6-202608101230 | Feature: v3.1.0 | Ensemble: v3.0_stacking | SHA: 9aa1aeb6 | Features: 46
{"timestamp_utc": "2026-08-12T15:05:44.331950+00:00", "level": "INFO", "logger": "trading_bot", "message": "[BTCUSDT 120m Manifest Audit] Effective Barrier Config: {'tp_mult_trending': 2.7, 'tp_mult_ranging': 2.16, 'sl_mult': 1.2, 'lookahead': 12, 'regime_adx_enter': 28.0}", "correlation_id": "67b08dd4-8725-4953-87be-d0ad679e029d", "module": "logger", "line_no": 47}
[Model Governance] Loaded 'ensemble_ranging_trend_120' | Model: v7.2.0-f2b1393a-202608061021 | Feature: v3.1.0 | Ensemble: v3.0_stacking | SHA: 073eeb61 | Features: 46
{"timestamp_utc": "2026-08-12T15:05:44.384761+00:00", "level": "INFO", "logger": "trading_bot", "message": "[BTCUSDT 120m Manifest Audit] Effective Barrier Config: {'tp_mult_trending': 2.7, 'tp_mult_ranging': 2.16, 'sl_mult': 1.2, 'lookahead': 12, 'regime_adx_enter': 28.0}", "correlation_id": "33663268-d31b-4cdd-8dce-c46277cff1e3", "module": "logger", "line_no": 47}
[Model Governance] Loaded 'ensemble_ranging_price_120' | Model: v7.2.0-9aa1aeb6-202608101230 | Feature: v3.1.0 | Ensemble: v3.0_stacking | SHA: 9aa1aeb6 | Features: 46
Loaded Isotonic Regression calibrator: calibrator_trending_120.json
Loaded Isotonic Regression calibrator: calibrator_ranging_120.json
Successfully loaded ensemble and meta models for interval 120
Loaded feature counts - Trending: 26, Ranging: 26 for interval 240
{"timestamp_utc": "2026-08-12T15:05:44.750266+00:00", "level": "INFO", "logger": "trading_bot", "message": "[BTCUSDT 240m Manifest Audit] Effective Barrier Config: {'tp_mult_trending': 3.3, 'tp_mult_ranging': 2.7, 'sl_mult': 1.5, 'lookahead': 12, 'regime_adx_enter': 28.0}", "correlation_id": "378fb181-4c6b-4b4a-9f49-8194f98eca24", "module": "logger", "line_no": 47}
[Model Governance] Loaded 'ensemble_trending_trend_240' | Model: v7.2.0-f2b1393a-202608061021 | Feature: v3.1.0 | Ensemble: v3.0_stacking | SHA: 073eeb61 | Features: 26
[News/Sentiment] Fetched 4 articles from RSS: https://cointelegraph.com/rss
{"timestamp_utc": "2026-08-12T15:05:44.928953+00:00", "level": "INFO", "logger": "trading_bot", "message": "[BTCUSDT 240m Manifest Audit] Effective Barrier Config: {'tp_mult_trending': 3.3, 'tp_mult_ranging': 2.7, 'sl_mult': 1.5, 'lookahead': 12, 'regime_adx_enter': 28.0}", "correlation_id": "32b86618-b591-43f9-a8ea-69c12ed5d20f", "module": "logger", "line_no": 47}
[Model Governance] Loaded 'ensemble_trending_price_240' | Model: v7.2.0-9aa1aeb6-202608101230 | Feature: v3.1.0 | Ensemble: v3.0_stacking | SHA: 9aa1aeb6 | Features: 26
[News/Sentiment] Fetched 4 articles from RSS: https://www.coindesk.com/arc/outboundfeeds/rss/?outputType=xml
{"timestamp_utc": "2026-08-12T15:05:45.343545+00:00", "level": "INFO", "logger": "trading_bot", "message": "[BTCUSDT 240m Manifest Audit] Effective Barrier Config: {'tp_mult_trending': 3.3, 'tp_mult_ranging': 2.7, 'sl_mult': 1.5, 'lookahead': 12, 'regime_adx_enter': 28.0}", "correlation_id": "cfac819a-3ed7-47f3-a5fc-4f11b3547d58", "module": "logger", "line_no": 47}
[Model Governance] Loaded 'ensemble_ranging_trend_240' | Model: v7.2.0-f2b1393a-202608061021 | Feature: v3.1.0 | Ensemble: v3.0_stacking | SHA: 073eeb61 | Features: 26
{"timestamp_utc": "2026-08-12T15:05:45.409243+00:00", "level": "INFO", "logger": "trading_bot", "message": "[BTCUSDT 240m Manifest Audit] Effective Barrier Config: {'tp_mult_trending': 3.3, 'tp_mult_ranging': 2.7, 'sl_mult': 1.5, 'lookahead': 12, 'regime_adx_enter': 28.0}", "correlation_id": "a50bed0a-b596-4e66-9471-c199d7a9511e", "module": "logger", "line_no": 47}
[Model Governance] Loaded 'ensemble_ranging_price_240' | Model: v7.2.0-f2b1393a-202608061021 | Feature: v3.1.0 | Ensemble: v3.0_stacking | SHA: 073eeb61 | Features: 26
[News/Sentiment] Fetched 4 articles from RSS: https://decrypt.co/feed
[News/Sentiment Lexicon Local] Analyzed 25 titles via local financial lexicon. Avg Score: -0.3200 | Aggregated: Bearish
Loaded Isotonic Regression calibrator: calibrator_trending_240.json
[News/Sentiment] Startup background update success: Bearish (KEYWORD, based on 25 inputs).
Loaded Isotonic Regression calibrator: calibrator_ranging_240.json
Successfully loaded ensemble and meta models for interval 240
Syncing: Attempting to pull latest history from AWS Server API (http://127.0.0.1:5001/api/status)...
Sync Success: Loaded 50 trades and 50 predictions from AWS Server (http://127.0.0.1:5001/api/status).
[Startup Sync Balance Audit] Cash Balance: $75.51 | Active Position Margin: $0.00 | Total Account Value: $75.51
[Database Warning] Duplicate trade_id 'tr_BNBUSDT_1786542226_66a4a056-cfb2-4ce1-ac49-a8d761f44286' detected. Retrying with fresh UUID 'tr_BNBUSDT_1786547146_5231d95e-010a-4c3a-ad90-d1560af053d5': UNIQUE constraint failed: completed_trades.trade_id
[Database Warning] Duplicate trade_id 'tr_XRPUSDT_1786542226_1989f3ea-6d13-4be4-ac1b-4c71ea0095c9' detected. Retrying with fresh UUID 'tr_XRPUSDT_1786547147_146058c9-f763-4d8b-842d-4c9cc6084a1d': UNIQUE constraint failed: completed_trades.trade_id
[Database Warning] Duplicate trade_id 'tr_BTCUSDT_1786542226_ce991304-e560-4f1f-b5d5-c5fab1286cc6' detected. Retrying with fresh UUID 'tr_BTCUSDT_1786547147_88e683dc-936a-40d9-9931-db122d8e0051': UNIQUE constraint failed: completed_trades.trade_id
[Database Warning] Duplicate trade_id 'tr_ETHUSDT_1786542225_6d1b82b6-91e5-4fc3-bc02-d24d64d581ba' detected. Retrying with fresh UUID 'tr_ETHUSDT_1786547147_e34d537c-1363-47ee-ad27-a075be868d12': UNIQUE constraint failed: completed_trades.trade_id
[Database Warning] Duplicate trade_id 'tr_BNBUSDT_1786542225_c3d590cc-60f0-4c8e-b6fc-8f04dc2c2542' detected. Retrying with fresh UUID 'tr_BNBUSDT_1786547148_0d5b9490-f7d5-49bf-a263-e3eb3e23aa1e': UNIQUE constraint failed: completed_trades.trade_id
[Database Warning] Duplicate trade_id 'tr_SOLUSDT_1786542225_8fa1f731-0abe-4a9c-ac25-9a5957e50f30' detected. Retrying with fresh UUID 'tr_SOLUSDT_1786547148_600aae94-7218-4f67-ab6f-d52e0759ac14': UNIQUE constraint failed: completed_trades.trade_id
[Database Warning] Duplicate trade_id 'tr_SOLUSDT_1786542225_8e52ce31-07af-4f11-aead-7d8973424feb' detected. Retrying with fresh UUID 'tr_SOLUSDT_1786547148_4938c166-597e-457e-b070-a08d51fc96d8': UNIQUE constraint failed: completed_trades.trade_id
[Database Warning] Duplicate trade_id 'tr_LTCUSDT_1786542225_f9b37f01-25fa-4703-a534-2ae355780bc7' detected. Retrying with fresh UUID 'tr_LTCUSDT_1786547148_27f10c2c-9fac-4c96-8edc-34e743aac870': UNIQUE constraint failed: completed_trades.trade_id
[Database Warning] Duplicate trade_id 'tr_SOLUSDT_1786542225_37878116-7558-4a73-9845-20cec01e7e9a' detected. Retrying with fresh UUID 'tr_SOLUSDT_1786547148_3db02d82-5c1d-405b-bc9d-2370a6da17ef': UNIQUE constraint failed: completed_trades.trade_id
[Database Warning] Duplicate trade_id 'tr_LTCUSDT_1786542225_b2dca5c2-c1ac-43c5-ba7e-b4e463a25895' detected. Retrying with fresh UUID 'tr_LTCUSDT_1786547148_13cc2feb-bdb7-4583-a712-fc2707c92782': UNIQUE constraint failed: completed_trades.trade_id
[Database Warning] Duplicate trade_id 'tr_ETHUSDT_1786542225_f790b4c1-725a-4731-ac2f-5d37ab562fb5' detected. Retrying with fresh UUID 'tr_ETHUSDT_1786547149_fadb0eca-ce25-4212-b216-53e96d77ab6f': UNIQUE constraint failed: completed_trades.trade_id
[Database Warning] Duplicate trade_id 'tr_BTCUSDT_1786542225_8735aef1-97b3-4077-9825-d732717cc7a7' detected. Retrying with fresh UUID 'tr_BTCUSDT_1786547149_e8411fd5-6579-482c-9496-5191146c0f8e': UNIQUE constraint failed: completed_trades.trade_id
[Database Warning] Duplicate trade_id 'tr_XRPUSDT_1786542225_4b86e2d4-ccda-4719-a918-adb31340feae' detected. Retrying with fresh UUID 'tr_XRPUSDT_1786547149_4aef60dc-a74a-4e27-9bd0-b6a37abd86d4': UNIQUE constraint failed: completed_trades.trade_id
[LearningEngine] Processed trade tr_BNBUSDT_1786547146_5231d95e-010a-4c3a-ad90-d1560af053d5 (Score: 20/100 | Ver: v1.0.0)
[Database Warning] Duplicate trade_id 'tr_AVAXUSDT_1786542225_a5cd63b7-eb94-4413-991d-44738c929810' detected. Retrying with fresh UUID 'tr_AVAXUSDT_1786547149_72666898-ecb2-4721-94dd-a2135e1d13c6': UNIQUE constraint failed: completed_trades.trade_id
[Database Warning] Duplicate trade_id 'tr_BNBUSDT_1786542224_647b523a-f519-493e-a8b9-ba0c75f8b5ec' detected. Retrying with fresh UUID 'tr_BNBUSDT_1786547149_d752285f-46aa-4747-a4a6-9922c372e066': UNIQUE constraint failed: completed_trades.trade_id
[Database Warning] Duplicate trade_id 'tr_XRPUSDT_1786542224_f173e30b-51f8-44b1-9606-4092a1f6fe7f' detected. Retrying with fresh UUID 'tr_XRPUSDT_1786547149_962c690d-adf9-4554-a479-207e9750ae7d': UNIQUE constraint failed: completed_trades.trade_id
[Database Warning] Duplicate trade_id 'tr_XRPUSDT_1786542224_9be4386f-96a3-420a-8b19-47e7366adbaf' detected. Retrying with fresh UUID 'tr_XRPUSDT_1786547149_2d2bc61e-cbc1-4543-bd2a-6a27f1024f6e': UNIQUE constraint failed: completed_trades.trade_id
[Database Warning] Duplicate trade_id 'tr_XRPUSDT_1786542224_589363e8-6116-4d87-84a9-03e223178ca3' detected. Retrying with fresh UUID 'tr_XRPUSDT_1786547150_2373049e-032b-4a81-8a38-83137311417d': UNIQUE constraint failed: completed_trades.trade_id
[Database Warning] Duplicate trade_id 'tr_XRPUSDT_1786542224_1db822a1-5242-4ff6-84d4-87221e784e5c' detected. Retrying with fresh UUID 'tr_XRPUSDT_1786547150_cab64063-7c92-4ba2-8ad9-f087159d1a35': UNIQUE constraint failed: completed_trades.trade_id
[Database Warning] Duplicate trade_id 'tr_XRPUSDT_1786542224_04e08a0c-8374-4bb0-8e1a-e91b3f968c83' detected. Retrying with fresh UUID 'tr_XRPUSDT_1786547150_391dafcc-9e07-4015-af67-f14d3fbc4166': UNIQUE constraint failed: completed_trades.trade_id
[Database Warning] Duplicate trade_id 'tr_XRPUSDT_1786542224_93a339ff-8ff0-4311-bafd-21c419863c42' detected. Retrying with fresh UUID 'tr_XRPUSDT_1786547150_d5bc5eb3-95f5-4a0f-a833-fff66afddb09': UNIQUE constraint failed: completed_trades.trade_id
[Database Warning] Duplicate trade_id 'tr_XRPUSDT_1786542224_27f12a66-59c3-4036-928d-4f801dc38ce4' detected. Retrying with fresh UUID 'tr_XRPUSDT_1786547150_182f9b7e-af66-4ced-8127-adbbff2414b8': UNIQUE constraint failed: completed_trades.trade_id
[Database Warning] Duplicate trade_id 'tr_XRPUSDT_1786542224_712ef922-aec9-49b2-a282-80143678f251' detected. Retrying with fresh UUID 'tr_XRPUSDT_1786547150_29e6b072-7694-4625-a8b4-28ed4231f6a7': UNIQUE constraint failed: completed_trades.trade_id
[Database Warning] Duplicate trade_id 'tr_XRPUSDT_1786542223_d94be4d1-bc95-47ad-8c28-cb0892983ba6' detected. Retrying with fresh UUID 'tr_XRPUSDT_1786547150_d22523e6-c474-42f1-83e2-993db715fa16': UNIQUE constraint failed: completed_trades.trade_id
[Database Warning] Duplicate trade_id 'tr_XRPUSDT_1786542223_d42972a8-8997-41e8-ace1-60c510605873' detected. Retrying with fresh UUID 'tr_XRPUSDT_1786547150_bf5763e8-e8df-4ae0-896f-f61c9355e0f0': UNIQUE constraint failed: completed_trades.trade_id
[Database Warning] Duplicate trade_id 'tr_XRPUSDT_1786542223_7cac0929-67fb-4e97-8a57-13e1838dfbc6' detected. Retrying with fresh UUID 'tr_XRPUSDT_1786547151_31c1ae86-981c-450a-b3d0-1984005a5f2b': UNIQUE constraint failed: completed_trades.trade_id
[Database Warning] Duplicate trade_id 'tr_XRPUSDT_1786542223_ecaa7004-1b71-4810-a6b6-1928c5510f96' detected. Retrying with fresh UUID 'tr_XRPUSDT_1786547151_5a3168b6-d21d-4527-ba06-965a6d29c4f9': UNIQUE constraint failed: completed_trades.trade_id
[Database Warning] Duplicate trade_id 'tr_XRPUSDT_1786542223_be9bbad8-399f-4103-99ae-58fc3b682e53' detected. Retrying with fresh UUID 'tr_XRPUSDT_1786547151_08312d00-ee46-4ac7-8778-fcf0ea6f9bd8': UNIQUE constraint failed: completed_trades.trade_id
[Database Warning] Duplicate trade_id 'tr_XRPUSDT_1786542223_e11c6501-4886-4b04-b333-d0d260f1e849' detected. Retrying with fresh UUID 'tr_XRPUSDT_1786547151_3596eda6-baf4-40c0-8967-aeea654b59ed': UNIQUE constraint failed: completed_trades.trade_id
[Database Warning] Duplicate trade_id 'tr_XRPUSDT_1786542223_7a997ad0-1cc4-411d-85b1-3b72cae0c8be' detected. Retrying with fresh UUID 'tr_XRPUSDT_1786547151_761e2678-01ba-443d-930e-77218ccf7193': UNIQUE constraint failed: completed_trades.trade_id
[LearningEngine] Processed trade tr_XRPUSDT_1786547147_146058c9-f763-4d8b-842d-4c9cc6084a1d (Score: 75/100 | Ver: v1.0.0)
[Database Warning] Duplicate trade_id 'tr_XRPUSDT_1786542222_6dd75036-0601-4dec-a120-70cb67077853' detected. Retrying with fresh UUID 'tr_XRPUSDT_1786547151_dabb6fff-e1c9-4920-89d7-53ff15202650': UNIQUE constraint failed: completed_trades.trade_id
[Database Warning] Duplicate trade_id 'tr_XRPUSDT_1786542222_cf98ab92-b1ab-4677-b3a4-2e091d7886e3' detected. Retrying with fresh UUID 'tr_XRPUSDT_1786547151_4103264c-617e-47d3-ae96-ff9dfc158f45': UNIQUE constraint failed: completed_trades.trade_id
[Database Warning] Duplicate trade_id 'tr_DOTUSDT_1786542222_5580873c-bae5-4e0f-867a-bc36240dff62' detected. Retrying with fresh UUID 'tr_DOTUSDT_1786547151_1f21c320-305a-4a60-91ea-3aa111d69431': UNIQUE constraint failed: completed_trades.trade_id
[Database Warning] Duplicate trade_id 'tr_BTCUSDT_1786542222_8b25bc78-553a-42e7-b024-bc1770a03d8d' detected. Retrying with fresh UUID 'tr_BTCUSDT_1786547152_a6da6178-ccbf-4ffc-aa38-e3b68ebd253b': UNIQUE constraint failed: completed_trades.trade_id
[Database Warning] Duplicate trade_id 'tr_DOTUSDT_1786542222_02577ba7-8542-411c-aa07-40cf2c05772b' detected. Retrying with fresh UUID 'tr_DOTUSDT_1786547152_50324215-13c5-4ee2-9967-d1163d3587d5': UNIQUE constraint failed: completed_trades.trade_id
[Database Warning] Duplicate trade_id 'tr_ADAUSDT_1786542222_1ff15f19-ce1e-4204-86be-7efffa80ea6f' detected. Retrying with fresh UUID 'tr_ADAUSDT_1786547152_fb52da1a-d731-4f23-8694-104908814491': UNIQUE constraint failed: completed_trades.trade_id
[Database Warning] Duplicate trade_id 'tr_ADAUSDT_1786542222_675d166d-9267-46c8-aa6d-7b14cc32e3c2' detected. Retrying with fresh UUID 'tr_ADAUSDT_1786547152_d1be3978-b0d4-472d-ab17-b77b0ece7334': UNIQUE constraint failed: completed_trades.trade_id
[Database Warning] Duplicate trade_id 'tr_ADAUSDT_1786542222_69ef0986-1859-4c1c-bde8-3586eb84d7f1' detected. Retrying with fresh UUID 'tr_ADAUSDT_1786547152_37007b81-9927-4ea5-b616-f863e2b32a0d': UNIQUE constraint failed: completed_trades.trade_id
[Database Warning] Duplicate trade_id 'tr_ADAUSDT_1786542221_51b5c10e-2d01-4d5a-aceb-bcde64d4df15' detected. Retrying with fresh UUID 'tr_ADAUSDT_1786547152_51152a73-9dc8-4bc0-a604-4e8e9e933666': UNIQUE constraint failed: completed_trades.trade_id
[Database Warning] Duplicate trade_id 'tr_ADAUSDT_1786542221_ae1ee38f-4d59-4fdf-97c2-af144bb23e60' detected. Retrying with fresh UUID 'tr_ADAUSDT_1786547152_e15aa172-13d5-48ae-8e54-4ae8c181cf8c': UNIQUE constraint failed: completed_trades.trade_id
[Database Warning] Duplicate trade_id 'tr_BNBUSDT_1786542221_94891555-5faf-4fd9-8b79-4d8c8d2569b6' detected. Retrying with fresh UUID 'tr_BNBUSDT_1786547153_1e3974f7-3c87-420c-be87-5f331cda6255': UNIQUE constraint failed: completed_trades.trade_id
[Database Warning] Duplicate trade_id 'tr_BNBUSDT_1786542221_abb7c065-d517-48f8-bd6e-be80729198d9' detected. Retrying with fresh UUID 'tr_BNBUSDT_1786547153_b347a184-e34c-4a46-b1a7-141f78f7a566': UNIQUE constraint failed: completed_trades.trade_id
[Database Warning] Duplicate trade_id 'tr_BNBUSDT_1786542221_5856692c-a3bf-4d9e-8c40-78fb284c7c4c' detected. Retrying with fresh UUID 'tr_BNBUSDT_1786547153_a58314c7-2506-49fa-992c-01311c0328c4': UNIQUE constraint failed: completed_trades.trade_id
[LearningEngine] Processed trade tr_BTCUSDT_1786547147_88e683dc-936a-40d9-9931-db122d8e0051 (Score: 75/100 | Ver: v1.0.0)
[Database Warning] Duplicate trade_id 'tr_ADAUSDT_1786542221_108b0198-39d6-49b2-93bd-95be2f54546f' detected. Retrying with fresh UUID 'tr_ADAUSDT_1786547153_a30f2c1f-0593-4631-bab5-2051b909ab02': UNIQUE constraint failed: completed_trades.trade_id
[Database Warning] Duplicate trade_id 'tr_BNBUSDT_1786542221_09359fd8-d3c3-4a36-9239-656abadc1dde' detected. Retrying with fresh UUID 'tr_BNBUSDT_1786547154_2d8d901a-36d5-4ab6-b1dd-e60100fce9ef': UNIQUE constraint failed: completed_trades.trade_id
[Database Warning] Duplicate trade_id 'tr_ADAUSDT_1786542220_abbe8aa2-9e57-4d05-8d24-258cc7a08d5b' detected. Retrying with fresh UUID 'tr_ADAUSDT_1786547154_4e3c81e2-4bd4-4b05-adcc-abcc75e98415': UNIQUE constraint failed: completed_trades.trade_id
[Database Warning] Duplicate trade_id 'tr_ADAUSDT_1786542220_1dc05078-696f-4603-a6d4-aad2d408a8d7' detected. Retrying with fresh UUID 'tr_ADAUSDT_1786547154_e44e0b57-b227-44c0-a8ac-5f4aec563347': UNIQUE constraint failed: completed_trades.trade_id
[Database Warning] Duplicate trade_id 'tr_ADAUSDT_1786542220_797536d6-6668-4bdb-bd10-ac4c1ec1b6fc' detected. Retrying with fresh UUID 'tr_ADAUSDT_1786547154_443cd2b7-5218-4a80-8492-339137e1b975': UNIQUE constraint failed: completed_trades.trade_id
[Database Warning] Duplicate trade_id 'tr_ADAUSDT_1786542220_142bc74b-980d-4ca8-b173-06502de451a1' detected. Retrying with fresh UUID 'tr_ADAUSDT_1786547154_ab125d02-7a79-488d-a39f-304b3041a2cf': UNIQUE constraint failed: completed_trades.trade_id
[Database Warning] Duplicate trade_id 'tr_BNBUSDT_1786542220_fddceaaa-b321-4238-92bc-0919f45f5048' detected. Retrying with fresh UUID 'tr_BNBUSDT_1786547155_26207e12-1c08-423c-b3f7-bc3f85bd9f40': UNIQUE constraint failed: completed_trades.trade_id
[Database Warning] Duplicate trade_id 'tr_ADAUSDT_1786542220_ab980e11-4fb8-4949-9dc3-47bb99e1b956' detected. Retrying with fresh UUID 'tr_ADAUSDT_1786547155_9de6a5cf-b47a-483d-85cf-763a33d2be06': UNIQUE constraint failed: completed_trades.trade_id
[Database Warning] Duplicate trade_id 'tr_BNBUSDT_1786542220_1f20da4e-add2-4ca8-9400-25fc6785f55c' detected. Retrying with fresh UUID 'tr_BNBUSDT_1786547155_0bb2be70-be73-4b48-88d2-33a6492f59a3': UNIQUE constraint failed: completed_trades.trade_id
[Database Warning] Duplicate trade_id 'tr_ADAUSDT_1786542219_285d0648-7843-4939-b0c7-4cdb53cd2f52' detected. Retrying with fresh UUID 'tr_ADAUSDT_1786547156_7c80fa37-3b29-4ff2-af8e-f89abba1dc48': UNIQUE constraint failed: completed_trades.trade_id
[LearningEngine] Processed trade tr_ETHUSDT_1786547147_e34d537c-1363-47ee-ad27-a075be868d12 (Score: 75/100 | Ver: v1.0.0)
[Database Warning] Duplicate trade_id 'tr_ADAUSDT_1786542219_0dd98840-8de2-476b-8962-1234d5cb94d4' detected. Retrying with fresh UUID 'tr_ADAUSDT_1786547156_573bf32f-54fc-4916-b3c3-e237dd18637d': UNIQUE constraint failed: completed_trades.trade_id
[Database Warning] Duplicate trade_id 'tr_SOLUSDT_1786542219_eafb4cd8-9a0a-4f39-9a91-28540a2fb58b' detected. Retrying with fresh UUID 'tr_SOLUSDT_1786547156_ff80c777-1e47-4b65-9825-2826612cdfef': UNIQUE constraint failed: completed_trades.trade_id
[Database Warning] Duplicate trade_id 'tr_AVAXUSDT_1786542219_5943f771-d84c-428c-9114-4dae72a14832' detected. Retrying with fresh UUID 'tr_AVAXUSDT_1786547156_24e24e62-6aef-4d9d-946d-e119e785c946': UNIQUE constraint failed: completed_trades.trade_id
[Database Warning] Duplicate trade_id 'tr_DOTUSDT_1786542219_56f6e58a-3657-44ff-9e4a-ce3c7b1f568d' detected. Retrying with fresh UUID 'tr_DOTUSDT_1786547156_8949fb6a-214b-4429-8947-3f0bae482845': UNIQUE constraint failed: completed_trades.trade_id
[Database Warning] Duplicate trade_id 'tr_SOLUSDT_1786542219_ade01009-0177-4f43-a82f-db16e3f2569d' detected. Retrying with fresh UUID 'tr_SOLUSDT_1786547157_b446793e-3a2a-4b72-b0a0-b17b68de0526': UNIQUE constraint failed: completed_trades.trade_id
[Database Warning] Duplicate trade_id 'tr_XRPUSDT_1786542218_0d39a8cb-a9f6-4d93-8ab0-5d4280127d1f' detected. Retrying with fresh UUID 'tr_XRPUSDT_1786547157_5e5ee97c-4ea8-45d9-a5b4-8f86bc1a4039': UNIQUE constraint failed: completed_trades.trade_id
[Database Warning] Duplicate trade_id 'tr_XRPUSDT_1786542218_d4364132-d884-4ec9-a1d9-7a7d5f9d8951' detected. Retrying with fresh UUID 'tr_XRPUSDT_1786547157_b5ff67bc-f9f5-44b7-8dc6-9db6ccd66ebe': UNIQUE constraint failed: completed_trades.trade_id
[Database Warning] Duplicate trade_id 'tr_DOTUSDT_1786542218_87d3408d-1ee1-4a1a-9acd-351be85589c7' detected. Retrying with fresh UUID 'tr_DOTUSDT_1786547157_3160330e-fa31-46c5-903f-ab407aa82d52': UNIQUE constraint failed: completed_trades.trade_id
[Database Warning] Duplicate trade_id 'tr_LTCUSDT_1786542217_7ab7e936-fb6b-4ef2-83ec-47afcd4543d6' detected. Retrying with fresh UUID 'tr_LTCUSDT_1786547157_83b8e99b-8994-4c92-86c7-7c36f24124c8': UNIQUE constraint failed: completed_trades.trade_id
[Database Warning] Duplicate trade_id 'tr_ETHUSDT_1786542217_513d2b8c-e848-4dde-9449-e455c91c44b4' detected. Retrying with fresh UUID 'tr_ETHUSDT_1786547158_ebdf3cec-8d2d-4370-afaf-67d163a14f25': UNIQUE constraint failed: completed_trades.trade_id
[LearningEngine] Processed trade tr_BNBUSDT_1786547148_0d5b9490-f7d5-49bf-a263-e3eb3e23aa1e (Score: 50/100 | Ver: v1.0.0)
[Database Warning] Duplicate trade_id 'tr_ETHUSDT_1786542217_321f46fd-236a-4f9b-9f82-ec5fb33443df' detected. Retrying with fresh UUID 'tr_ETHUSDT_1786547158_b76c15a8-b3b0-4f54-8257-139e25667506': UNIQUE constraint failed: completed_trades.trade_id
[Database Warning] Duplicate trade_id 'tr_BTCUSDT_1786542217_abdd052b-027d-41d1-a594-f7c5e227d717' detected. Retrying with fresh UUID 'tr_BTCUSDT_1786547158_62738262-e75c-486b-a653-1ab9515c8e92': UNIQUE constraint failed: completed_trades.trade_id
[Database Warning] Duplicate trade_id 'tr_AVAXUSDT_1786542217_5cf3d23f-9266-4f00-be1e-f9f2952d2898' detected. Retrying with fresh UUID 'tr_AVAXUSDT_1786547158_e28b7db8-8aee-4587-ad2f-4e3bce251aee': UNIQUE constraint failed: completed_trades.trade_id
[Database Warning] Duplicate trade_id 'tr_XRPUSDT_1786542216_1f183206-7da8-459b-81a4-a783a838f20f' detected. Retrying with fresh UUID 'tr_XRPUSDT_1786547159_f7191aa9-1e3d-48d3-bc94-40c54ecd1170': UNIQUE constraint failed: completed_trades.trade_id
[Database Warning] Duplicate trade_id 'tr_AVAXUSDT_1786542216_f96836f1-bf21-4154-b3ff-f72f13439da2' detected. Retrying with fresh UUID 'tr_AVAXUSDT_1786547159_96adc79e-eab8-4344-8595-e3434dc05621': UNIQUE constraint failed: completed_trades.trade_id
[Database Warning] Duplicate trade_id 'tr_AVAXUSDT_1786542216_e99ee747-0505-41b2-8950-e3fdf362aff7' detected. Retrying with fresh UUID 'tr_AVAXUSDT_1786547159_0b711420-e5af-41a6-b32d-db74a3d76026': UNIQUE constraint failed: completed_trades.trade_id
[Database Warning] Duplicate trade_id 'tr_DOTUSDT_1786542216_b7e7cb22-57b9-4308-8364-f017a723b59c' detected. Retrying with fresh UUID 'tr_DOTUSDT_1786547159_404f3477-98e0-46ab-9e70-fa115d26cfbe': UNIQUE constraint failed: completed_trades.trade_id
[Database Warning] Duplicate trade_id 'tr_ADAUSDT_1786542216_8f025a51-2526-46cf-9d13-8de6938aa0f4' detected. Retrying with fresh UUID 'tr_ADAUSDT_1786547159_b8e133a9-b9ed-43d1-9484-e92da0a450b8': UNIQUE constraint failed: completed_trades.trade_id
[Database Warning] Duplicate trade_id 'tr_BNBUSDT_1786542216_2d6a38d2-dd9d-46bd-97c3-2fee4eb8f8fe' detected. Retrying with fresh UUID 'tr_BNBUSDT_1786547160_7620b7d9-1252-4d7b-881d-6d296008026d': UNIQUE constraint failed: completed_trades.trade_id
[Database Warning] Duplicate trade_id 'tr_BNBUSDT_1786542215_7652d4b9-8216-4768-a3ce-5382c5f89587' detected. Retrying with fresh UUID 'tr_BNBUSDT_1786547160_62902330-f931-43cf-990c-95ea1ca5c9e9': UNIQUE constraint failed: completed_trades.trade_id
[Database Warning] Duplicate trade_id 'tr_BNBUSDT_1786542215_1caa4e62-e4e6-448e-8927-20643160809c' detected. Retrying with fresh UUID 'tr_BNBUSDT_1786547160_9025cf35-b3d8-484e-ba90-691689a8f38e': UNIQUE constraint failed: completed_trades.trade_id
[LearningEngine] Processed trade tr_SOLUSDT_1786547148_600aae94-7218-4f67-ab6f-d52e0759ac14 (Score: 20/100 | Ver: v1.0.0)
[Database Warning] Duplicate trade_id 'tr_DOTUSDT_1786542215_db8dd392-5e56-4bba-9557-5345e848e418' detected. Retrying with fresh UUID 'tr_DOTUSDT_1786547160_810e7494-80e7-4673-810d-5750896ebb06': UNIQUE constraint failed: completed_trades.trade_id
[Database Warning] Duplicate trade_id 'tr_AVAXUSDT_1786542215_cef141f9-332e-4d04-8a6e-5aa3eefb94dd' detected. Retrying with fresh UUID 'tr_AVAXUSDT_1786547161_2e20e51d-3c17-4932-8751-a571dc3a01d4': UNIQUE constraint failed: completed_trades.trade_id
[Database Warning] Duplicate trade_id 'tr_ETHUSDT_1786542215_74435b2e-5664-42b0-9b15-fe8fa075df86' detected. Retrying with fresh UUID 'tr_ETHUSDT_1786547161_f6029317-8834-4c4d-9eda-ee1342cc2496': UNIQUE constraint failed: completed_trades.trade_id
{"timestamp_utc": "2026-08-12T15:06:02.268431+00:00", "level": "WARNING", "logger": "trading_bot", "message": "data notice: duplicate column name: ob_imbalance_L2", "correlation_id": "cfb83ded-9080-4ce9-bc78-fc77c2813a3d", "module": "logger", "line_no": 47}
{"timestamp_utc": "2026-08-12T15:06:02.291189+00:00", "level": "WARNING", "logger": "trading_bot", "message": "data notice: duplicate column name: ob_spread_L2", "correlation_id": "f3bd89ee-4c0a-4af4-94dc-14524ed0f89b", "module": "logger", "line_no": 47}
{"timestamp_utc": "2026-08-12T15:06:02.295528+00:00", "level": "WARNING", "logger": "trading_bot", "message": "data notice: duplicate column name: liq_long_1h", "correlation_id": "f8510790-d496-48f5-8481-5f0bdde3ae7a", "module": "logger", "line_no": 47}
{"timestamp_utc": "2026-08-12T15:06:02.311095+00:00", "level": "WARNING", "logger": "trading_bot", "message": "data notice: duplicate column name: liq_short_1h", "correlation_id": "9fd23c53-8f16-469a-ad2b-f0cdea5a5554", "module": "logger", "line_no": 47}
[Database Warning] Duplicate trade_id 'tr_AVAXUSDT_1786542215_be73d3ca-e6db-4705-b0a1-00a9a63042e0' detected. Retrying with fresh UUID 'tr_AVAXUSDT_1786547162_92ea4e10-7e3c-4720-b694-279b36a7e939': UNIQUE constraint failed: completed_trades.trade_id
[Database Warning] Duplicate trade_id 'tr_BTCUSDT_1786542215_1c397e1a-44a3-4680-8e49-a63136df94ff' detected. Retrying with fresh UUID 'tr_BTCUSDT_1786547162_3ac27951-07ad-4efb-93c3-328975fcfab5': UNIQUE constraint failed: completed_trades.trade_id
[Database Warning] Duplicate trade_id 'tr_BTCUSDT_1786542214_8345ed25-7fb6-4d62-85bf-1420a9c39f73' detected. Retrying with fresh UUID 'tr_BTCUSDT_1786547163_a4abcced-ee91-4bae-9652-839192158eb3': UNIQUE constraint failed: completed_trades.trade_id
[Database Warning] Duplicate trade_id 'tr_ETHUSDT_1786542214_f78c9d99-253f-424e-a45d-edde30b8b902' detected. Retrying with fresh UUID 'tr_ETHUSDT_1786547163_e4d9a893-51b7-405c-9fab-77c76e78566c': UNIQUE constraint failed: completed_trades.trade_id
{"timestamp_utc": "2026-08-12T15:06:03.477885+00:00", "level": "INFO", "logger": "trading_bot", "message": "[WS] control message: {'success': True, 'ret_msg': 'pong', 'conn_id': 'd9tcajmgcca9r5l6sugg-e6im', 'req_id': '', 'op': 'ping'}", "correlation_id": "00785c89-5228-4948-b7a2-034690df9d43", "module": "logger", "line_no": 47}
[Database Warning] Duplicate trade_id 'tr_LTCUSDT_1786542214_956ce46d-f7c8-47f3-8350-39c12e95039a' detected. Retrying with fresh UUID 'tr_LTCUSDT_1786547163_afc33b10-47bd-418b-9647-919dbfd34f5e': UNIQUE constraint failed: completed_trades.trade_id
[Database Warning] Duplicate trade_id 'tr_ETHUSDT_1786542214_1f162e1c-c043-480a-96d8-81083db45de0' detected. Retrying with fresh UUID 'tr_ETHUSDT_1786547163_f754ad02-1d20-49fb-badb-13bf461e8567': UNIQUE constraint failed: completed_trades.trade_id
[Database Warning] Duplicate trade_id 'tr_ETHUSDT_1786542214_861d0623-faa4-40ef-a037-811de87171f5' detected. Retrying with fresh UUID 'tr_ETHUSDT_1786547164_6fd9f474-538d-449c-b14f-4a76c842367c': UNIQUE constraint failed: completed_trades.trade_id
[Database Warning] Duplicate trade_id 'tr_BTCUSDT_1786542214_59f910ef-9e44-4be2-9b62-2751600f633f' detected. Retrying with fresh UUID 'tr_BTCUSDT_1786547164_acf231c0-f221-4415-a6e6-c6e5cc950573': UNIQUE constraint failed: completed_trades.trade_id
[Database Warning] Duplicate trade_id 'tr_ETHUSDT_1786542214_f97de1c8-5a58-47c9-9a32-3b32e3b0edd2' detected. Retrying with fresh UUID 'tr_ETHUSDT_1786547164_4735094e-390e-4e33-9577-d7a0424b02b9': UNIQUE constraint failed: completed_trades.trade_id
[LearningEngine] Processed trade tr_SOLUSDT_1786547148_4938c166-597e-457e-b070-a08d51fc96d8 (Score: 50/100 | Ver: v1.0.0)
[Database Warning] Duplicate trade_id 'tr_ETHUSDT_1786542213_33077353-c8d4-4f6d-972d-5d8c73d0d6f6' detected. Retrying with fresh UUID 'tr_ETHUSDT_1786547164_ab75dc61-724d-47e3-a468-d064c2b2d5b3': UNIQUE constraint failed: completed_trades.trade_id
[Database Warning] Duplicate trade_id 'tr_SOLUSDT_1786542213_b89b1b76-e4f5-4fa6-a720-6b86d9d5cd9b' detected. Retrying with fresh UUID 'tr_SOLUSDT_1786547165_8f8cebd4-be28-40c4-94b2-fd5615fd57a4': UNIQUE constraint failed: completed_trades.trade_id
[Database Warning] Duplicate trade_id 'tr_SOLUSDT_1786542213_eb70c8f3-fd8e-4f7b-934c-82913f627409' detected. Retrying with fresh UUID 'tr_SOLUSDT_1786547165_1a7584ff-9af5-4d6d-a0f3-9d61f763349f': UNIQUE constraint failed: completed_trades.trade_id
[Database Warning] Duplicate trade_id 'tr_DOTUSDT_1786542213_19fdb3fe-d745-4fac-8377-c6d2d6b93202' detected. Retrying with fresh UUID 'tr_DOTUSDT_1786547166_046d1e5a-6119-4055-8bcf-73f167221291': UNIQUE constraint failed: completed_trades.trade_id
[Database Warning] Duplicate trade_id 'tr_BNBUSDT_1786542213_231fb856-aa9f-4616-8785-55d5537b3be5' detected. Retrying with fresh UUID 'tr_BNBUSDT_1786547166_d97dc6f8-bff6-4912-9207-c1a5b38b1b8a': UNIQUE constraint failed: completed_trades.trade_id
[Database Warning] Duplicate trade_id 'tr_DOTUSDT_1786542213_894fde02-a677-47f1-bbda-b60dcc5551b4' detected. Retrying with fresh UUID 'tr_DOTUSDT_1786547167_2e700a61-703f-4206-b3ee-6f8653c83dd3': UNIQUE constraint failed: completed_trades.trade_id
[Database Warning] Duplicate trade_id 'tr_ADAUSDT_1786542213_cf823b89-2cb6-408f-907e-6d8b749d00fd' detected. Retrying with fresh UUID 'tr_ADAUSDT_1786547167_ef791a25-50f2-4fa7-ad31-82a886181b36': UNIQUE constraint failed: completed_trades.trade_id
[Database Warning] Duplicate trade_id 'tr_ADAUSDT_1786542212_a9cfc2ac-4f7c-4673-86df-8abbfd1edc4d' detected. Retrying with fresh UUID 'tr_ADAUSDT_1786547167_45811c2b-ab7e-4a14-b5c0-ab0f8213a209': UNIQUE constraint failed: completed_trades.trade_id
[Database Warning] Duplicate trade_id 'tr_DOTUSDT_1786542212_16070355-b70e-4af2-84fb-ee6a1f6e54c7' detected. Retrying with fresh UUID 'tr_DOTUSDT_1786547167_81159f5e-d971-472c-8c15-426380a61f19': UNIQUE constraint failed: completed_trades.trade_id
[Database Warning] Duplicate trade_id 'tr_SOLUSDT_1786542212_7be30c55-0967-4f60-9e0d-cd40bf7eedc8' detected. Retrying with fresh UUID 'tr_SOLUSDT_1786547167_63d57eb7-0fe9-4e08-a90a-6e3ba68f7340': UNIQUE constraint failed: completed_trades.trade_id
[Database Warning] Duplicate trade_id 'tr_DOTUSDT_1786542212_f9b68f8d-f9ee-481a-ac87-7a3c0103d6ce' detected. Retrying with fresh UUID 'tr_DOTUSDT_1786547168_568e1633-573d-45b7-94b2-3f58406f882f': UNIQUE constraint failed: completed_trades.trade_id
[LearningEngine] Processed trade tr_LTCUSDT_1786547148_27f10c2c-9fac-4c96-8edc-34e743aac870 (Score: 75/100 | Ver: v1.0.0)
[Database Warning] Duplicate trade_id 'tr_ADAUSDT_1786542212_e8a25bb2-cd08-4663-bd31-45b4d4ccea6f' detected. Retrying with fresh UUID 'tr_ADAUSDT_1786547168_a7db115b-dc37-4911-8150-f35f6d602500': UNIQUE constraint failed: completed_trades.trade_id
[Database Warning] Duplicate trade_id 'tr_ADAUSDT_1786542212_dfaa1717-e28a-4c15-8d7a-1c9f45c5a96a' detected. Retrying with fresh UUID 'tr_ADAUSDT_1786547168_b3b85af1-1bb5-4b74-9aba-69b6512ad0b1': UNIQUE constraint failed: completed_trades.trade_id
[Database Warning] Duplicate trade_id 'tr_ADAUSDT_1786542212_a1dc9bda-4c37-4e41-847c-ef020af32559' detected. Retrying with fresh UUID 'tr_ADAUSDT_1786547168_bbf73841-c023-4e83-a043-7437d76fe2e1': UNIQUE constraint failed: completed_trades.trade_id
[Database Warning] Duplicate trade_id 'tr_LTCUSDT_1786542212_ffda34a0-e6fd-48d0-be9f-ad9191a6e7fe' detected. Retrying with fresh UUID 'tr_LTCUSDT_1786547168_69231c68-1776-4d87-911e-b8ba59237d05': UNIQUE constraint failed: completed_trades.trade_id
[Database Warning] Duplicate trade_id 'tr_ADAUSDT_1786542211_e0b9a8fb-718d-4e44-aed1-187471459852' detected. Retrying with fresh UUID 'tr_ADAUSDT_1786547168_937e1d75-27c6-4c38-a63c-9e3e31a3e689': UNIQUE constraint failed: completed_trades.trade_id
[Database Warning] Duplicate trade_id 'tr_ADAUSDT_1786542211_e422526c-5be4-484a-9078-16fcfe997cf5' detected. Retrying with fresh UUID 'tr_ADAUSDT_1786547169_6ac8d152-fefb-4fa3-8e20-5f430c54536f': UNIQUE constraint failed: completed_trades.trade_id
[Database Warning] Duplicate trade_id 'tr_ADAUSDT_1786542211_f4caff81-47e2-4a54-a7cd-ba184019b7bc' detected. Retrying with fresh UUID 'tr_ADAUSDT_1786547169_ad243afc-9e57-447e-a838-ca509f9e9dfe': UNIQUE constraint failed: completed_trades.trade_id
[Database Warning] Duplicate trade_id 'tr_ADAUSDT_1786542211_b5ccf0a1-2e6c-4d92-ac79-1368ea62dffc' detected. Retrying with fresh UUID 'tr_ADAUSDT_1786547169_9ed8f477-5e03-4a69-84a5-df90cc2048a3': UNIQUE constraint failed: completed_trades.trade_id
[Database Warning] Duplicate trade_id 'tr_ADAUSDT_1786542211_4bca50fe-97ae-4e73-b295-fcb4e6f86954' detected. Retrying with fresh UUID 'tr_ADAUSDT_1786547170_20137957-6cc5-474d-b39d-971fff3ae9c6': UNIQUE constraint failed: completed_trades.trade_id
{"timestamp_utc": "2026-08-12T15:06:10.450164+00:00", "level": "WARNING", "logger": "trading_bot", "message": "Ensemble notice: Manifest signature invalid \u2014 refusing to load", "correlation_id": "cde547c5-0f16-4978-a52f-56a1d6ad2027", "module": "logger", "line_no": 47}
[Model Governance] Loaded 'ensemble_ranging_trend_15' | Model: v7.2.0-f2b1393a-202608061021 | Feature: v3.1.0 | Ensemble: v3.0_stacking | SHA: 14f5b4ed | Features: 59
{"timestamp_utc": "2026-08-12T15:06:10.549612+00:00", "level": "WARNING", "logger": "trading_bot", "message": "Ensemble notice: Manifest signature invalid \u2014 refusing to load", "correlation_id": "787a8a07-5fb4-42c2-aeef-2ff6e14492cb", "module": "logger", "line_no": 47}
[Model Governance] Loaded 'ensemble_ranging_price_15' | Model: v7.2.0-d4f022fd-202608061753 | Feature: v3.1.0 | Ensemble: v3.0_stacking | SHA: 14f5b4ed | Features: 59
[Database Warning] Duplicate trade_id 'tr_ADAUSDT_1786542211_b1c2e623-4a83-4766-bf6c-886d805c0658' detected. Retrying with fresh UUID 'tr_ADAUSDT_1786547170_e5eac115-0ddb-4e54-931c-a6e0ad8ec528': UNIQUE constraint failed: completed_trades.trade_id
{"timestamp_utc": "2026-08-12T15:06:11.154895+00:00", "level": "WARNING", "logger": "trading_bot", "message": "[MetaLabeler Fail-Open] Meta-model CV AUC (0.5325) below random-chance floor (0.55). Passing all signals.", "correlation_id": "ee49da20-ee3d-442c-991e-67cf8e3a94e2", "module": "logger", "line_no": 47}
[Database Warning] Duplicate trade_id 'tr_ADAUSDT_1786542211_417c8030-a988-4e54-8377-524a4cf52bfb' detected. Retrying with fresh UUID 'tr_ADAUSDT_1786547171_af012b2e-95a1-4928-a02a-4d497a0d9954': UNIQUE constraint failed: completed_trades.trade_id
[SignalEvaluator] Evaluated 15m (BTCUSDT): Regime=Ranging (ADX 27.5), Direction=Bullish, Source=ML_ENSEMBLE, ADX=27.5
[Database Warning] Duplicate trade_id 'tr_SOLUSDT_1786542211_73bc64bc-8917-4060-9845-a8a89444f110' detected. Retrying with fresh UUID 'tr_SOLUSDT_1786547171_6bfda0c7-0886-44d6-b02c-25ab683e279c': UNIQUE constraint failed: completed_trades.trade_id
[LearningEngine] Processed trade tr_SOLUSDT_1786547148_3db02d82-5c1d-405b-bc9d-2370a6da17ef (Score: 75/100 | Ver: v1.0.0)
[Database Warning] Duplicate trade_id 'tr_SOLUSDT_1786542211_8856a10d-60d0-43f2-929d-2b72a6e412f7' detected. Retrying with fresh UUID 'tr_SOLUSDT_1786547171_f6c27506-bb61-41b5-a9c8-924abcfeb239': UNIQUE constraint failed: completed_trades.trade_id
[Database Warning] Duplicate trade_id 'tr_SOLUSDT_1786542211_997c1308-63dd-49c4-a4d9-7f3dfb8c1eae' detected. Retrying with fresh UUID 'tr_SOLUSDT_1786547171_4399c73d-5ef4-47a7-b355-9e08798921a6': UNIQUE constraint failed: completed_trades.trade_id
[Database Warning] Duplicate trade_id 'tr_SOLUSDT_1786542210_d9ebb952-a0f1-49e3-bd48-ea8f67fed678' detected. Retrying with fresh UUID 'tr_SOLUSDT_1786547171_a4494071-89e4-4f75-88bf-87ada560c164': UNIQUE constraint failed: completed_trades.trade_id
[Database Warning] Duplicate trade_id 'tr_SOLUSDT_1786542210_970d7c93-4605-491a-aca6-3b48e8b0057a' detected. Retrying with fresh UUID 'tr_SOLUSDT_1786547171_5bde3151-1ff0-4c22-8085-fa531e59e863': UNIQUE constraint failed: completed_trades.trade_id
[Database Warning] Duplicate trade_id 'tr_AVAXUSDT_1786542210_8ff3f166-e181-471b-87ae-7f35e6ebbacc' detected. Retrying with fresh UUID 'tr_AVAXUSDT_1786547172_40e2c2e9-b0bc-4832-b552-76b8d7a04e73': UNIQUE constraint failed: completed_trades.trade_id
[Database Warning] Duplicate trade_id 'tr_ADAUSDT_1786542210_9f9512a8-c823-49ae-a977-664d5bfd4702' detected. Retrying with fresh UUID 'tr_ADAUSDT_1786547172_0d1c2106-7325-4237-80ab-04e9ea69061b': UNIQUE constraint failed: completed_trades.trade_id
[Database Warning] Duplicate trade_id 'tr_SOLUSDT_1786542210_785ca354-c392-45f3-8a8c-c2bc653d5d65' detected. Retrying with fresh UUID 'tr_SOLUSDT_1786547172_5d91d641-1799-4002-b84a-d3f2e0b4cf78': UNIQUE constraint failed: completed_trades.trade_id
[Database Warning] Duplicate trade_id 'tr_BNBUSDT_1786542210_d5bc66c0-1311-44c4-8650-984ed769daf6' detected. Retrying with fresh UUID 'tr_BNBUSDT_1786547173_be15dde5-eeeb-47fe-ba2e-da1385fe4c26': UNIQUE constraint failed: completed_trades.trade_id
[Database Warning] Duplicate trade_id 'tr_XRPUSDT_1786542210_65b9fdd9-bb06-4ec8-8707-86bbfd6ae361' detected. Retrying with fresh UUID 'tr_XRPUSDT_1786547173_15cc772b-c86b-437a-ab86-b34e64b39556': UNIQUE constraint failed: completed_trades.trade_id
[Database Warning] Duplicate trade_id 'tr_SOLUSDT_1786542210_5f619fa3-770c-4f4d-9997-426dfd20ad06' detected. Retrying with fresh UUID 'tr_SOLUSDT_1786547173_a9886618-7e9f-458b-ba67-c40c45580bf3': UNIQUE constraint failed: completed_trades.trade_id
[Database Warning] Duplicate trade_id 'tr_DOTUSDT_1786542210_d260497d-9230-4937-ba01-95d6da026537' detected. Retrying with fresh UUID 'tr_DOTUSDT_1786547173_02154173-fcdb-414e-8258-4525d24baaf6': UNIQUE constraint failed: completed_trades.trade_id
[Database Warning] Duplicate trade_id 'tr_SOLUSDT_1786542209_aad6aa08-a3ce-488e-bc68-b8a360f9660a' detected. Retrying with fresh UUID 'tr_SOLUSDT_1786547174_4751b1de-2d1d-4d7f-beff-a43235ea1482': UNIQUE constraint failed: completed_trades.trade_id
[LearningEngine] Processed trade tr_LTCUSDT_1786547148_13cc2feb-bdb7-4583-a712-fc2707c92782 (Score: 75/100 | Ver: v1.0.0)
[Database Warning] Duplicate trade_id 'tr_ETHUSDT_1786542209_188fce1c-9d12-4f85-b3c2-82cb2c7ab055' detected. Retrying with fresh UUID 'tr_ETHUSDT_1786547174_c1ba60c2-c2b5-491d-9141-03ab76c03fc1': UNIQUE constraint failed: completed_trades.trade_id
[Database Warning] Duplicate trade_id 'tr_SOLUSDT_1786542209_a9c070b9-882e-42aa-a0cd-5d96ba4b0a05' detected. Retrying with fresh UUID 'tr_SOLUSDT_1786547175_5fbc7637-0012-4bb4-97b9-08b69dedb12f': UNIQUE constraint failed: completed_trades.trade_id
[Database Warning] Duplicate trade_id 'tr_XRPUSDT_1786542209_78e95580-4549-4a94-bc8e-e59ece96efaa' detected. Retrying with fresh UUID 'tr_XRPUSDT_1786547175_310bca83-5f4b-444f-b363-2a1e3480b17a': UNIQUE constraint failed: completed_trades.trade_id
[Database Warning] Duplicate trade_id 'tr_DOTUSDT_1786542209_983d84e2-89eb-4044-b93b-114c34737b42' detected. Retrying with fresh UUID 'tr_DOTUSDT_1786547175_c56d9c6f-63b7-40cf-b2e7-74b331cb149b': UNIQUE constraint failed: completed_trades.trade_id
[Database Warning] Duplicate trade_id 'tr_BTCUSDT_1786542209_cb2673ea-a177-4bca-adea-1046fe076ace' detected. Retrying with fresh UUID 'tr_BTCUSDT_1786547176_21fd35ae-2a6f-4b48-b499-8fba4dfc1913': UNIQUE constraint failed: completed_trades.trade_id
[Database Warning] Duplicate trade_id 'tr_BNBUSDT_1786542209_7198b476-6992-4c57-b560-e7e4598d7832' detected. Retrying with fresh UUID 'tr_BNBUSDT_1786547176_7bd59ebb-1d37-49ee-a98d-9c1c84953413': UNIQUE constraint failed: completed_trades.trade_id
[Database Warning] Duplicate trade_id 'tr_AVAXUSDT_1786542209_0050aaee-f657-4aa2-9b15-6cfc7ebfa43b' detected. Retrying with fresh UUID 'tr_AVAXUSDT_1786547177_5c178649-02a4-40c4-9f3d-4fbeb28afc67': UNIQUE constraint failed: completed_trades.trade_id
[Model Governance] Loaded 'ensemble_ranging_trend_30' | Model: v7.2.0-f2b1393a-202608061021 | Feature: v3.1.0 | Ensemble: v3.0_stacking | SHA: 073eeb61 | Features: 25
[Model Governance] Loaded 'ensemble_ranging_price_30' | Model: v7.2.0-f2b1393a-202608061021 | Feature: v3.1.0 | Ensemble: v3.0_stacking | SHA: 073eeb61 | Features: 25
{"timestamp_utc": "2026-08-12T15:06:17.532203+00:00", "level": "WARNING", "logger": "trading_bot", "message": "[SignalEvaluator Gate] 30m (ranging): MCC (0.0372) below predictive floor (0.05). ABSTAIN.", "correlation_id": "3dbfd090-2fbb-4534-b08f-1d98390d66b4", "module": "logger", "line_no": 47}
[Database Warning] Duplicate trade_id 'tr_BNBUSDT_1786542208_f9d53c5e-502b-4d26-8086-b0170a1b0d01' detected. Retrying with fresh UUID 'tr_BNBUSDT_1786547177_13e2f931-f999-467e-b703-5812b87f89b3': UNIQUE constraint failed: completed_trades.trade_id
[Database Warning] Duplicate trade_id 'tr_BTCUSDT_1786542208_e2416f20-3313-4b88-881a-c996fae9ad00' detected. Retrying with fresh UUID 'tr_BTCUSDT_1786547177_f6e6cc24-1655-479a-b15d-013c3ff6c9d9': UNIQUE constraint failed: completed_trades.trade_id
[Database Warning] Duplicate trade_id 'tr_DOTUSDT_1786542208_d15d2c8a-6cc8-4334-a2ae-dd26cc2f9f02' detected. Retrying with fresh UUID 'tr_DOTUSDT_1786547177_7f289c51-c980-4d0c-8f74-06f2616cf967': UNIQUE constraint failed: completed_trades.trade_id
[LearningEngine] Processed trade tr_ETHUSDT_1786547149_fadb0eca-ce25-4212-b216-53e96d77ab6f (Score: 75/100 | Ver: v1.0.0)
[Database Warning] Duplicate trade_id 'tr_BTCUSDT_1786542208_a0fd84c3-6cae-400d-9b56-fd9f9fa57c5e' detected. Retrying with fresh UUID 'tr_BTCUSDT_1786547178_d21bc0b6-8e55-4bf9-a0f0-c5e63643c3a0': UNIQUE constraint failed: completed_trades.trade_id
[Database Warning] Duplicate trade_id 'tr_BNBUSDT_1786542208_c8cd9ec5-d7df-4de6-9e92-eb10cd7f7e7b' detected. Retrying with fresh UUID 'tr_BNBUSDT_1786547178_a9491603-ac33-454d-beae-4b7d3189fac6': UNIQUE constraint failed: completed_trades.trade_id
[Database Warning] Duplicate trade_id 'tr_DOTUSDT_1786542208_3b42f06b-a055-4edd-a358-0e6ac7c26dd0' detected. Retrying with fresh UUID 'tr_DOTUSDT_1786547178_16c386bb-c0f4-4e5b-b1ac-6c08e6635e9b': UNIQUE constraint failed: completed_trades.trade_id
[Database Warning] Duplicate trade_id 'tr_SOLUSDT_1786542208_b3dad82c-b423-404c-aab2-ed87d9e0559c' detected. Retrying with fresh UUID 'tr_SOLUSDT_1786547178_8a50b046-6956-41f7-b68b-42e5e08e210b': UNIQUE constraint failed: completed_trades.trade_id
[Database Warning] Duplicate trade_id 'tr_LTCUSDT_1786542208_c77ececf-501d-4038-9ac8-2a7a2122b589' detected. Retrying with fresh UUID 'tr_LTCUSDT_1786547179_1433a7d5-bfd0-45b4-9290-c38f1d421a88': UNIQUE constraint failed: completed_trades.trade_id
[Database Warning] Duplicate trade_id 'tr_ETHUSDT_1786542208_fa46bc41-ff75-48e5-a544-a84763a7ccea' detected. Retrying with fresh UUID 'tr_ETHUSDT_1786547179_df0a6332-31a8-4b99-8e44-cf25cf55dca9': UNIQUE constraint failed: completed_trades.trade_id
[Database Warning] Duplicate trade_id 'tr_DOTUSDT_1786542207_4b73cc6e-4ed2-40ef-ac32-59f7f9e0ac61' detected. Retrying with fresh UUID 'tr_DOTUSDT_1786547179_d5cc5d9c-61a2-4b64-9c70-40e7b7fb0c51': UNIQUE constraint failed: completed_trades.trade_id
[Database Warning] Duplicate trade_id 'tr_SOLUSDT_1786542207_3198e6a8-6c8d-482c-a90c-d0c43c66d339' detected. Retrying with fresh UUID 'tr_SOLUSDT_1786547180_9d58a959-df96-4956-8209-04e47d8660c9': UNIQUE constraint failed: completed_trades.trade_id
[Database Warning] Duplicate trade_id 'tr_ADAUSDT_1786542207_eea57277-e567-4b30-81a1-8e395592eb09' detected. Retrying with fresh UUID 'tr_ADAUSDT_1786547180_70936b0c-0430-4115-8957-56440124de45': UNIQUE constraint failed: completed_trades.trade_id
[Database Warning] Duplicate trade_id 'tr_DOTUSDT_1786542207_1836ab65-13cd-49d1-becf-d11cadbc1926' detected. Retrying with fresh UUID 'tr_DOTUSDT_1786547180_4ed73db5-e546-4499-9208-4031d0c87e62': UNIQUE constraint failed: completed_trades.trade_id
[Database Warning] Duplicate trade_id 'tr_AVAXUSDT_1786542207_58b846da-67be-413a-8d8d-8383b939c494' detected. Retrying with fresh UUID 'tr_AVAXUSDT_1786547181_810a98a6-e55c-4c3d-b100-d54198e4c9ed': UNIQUE constraint failed: completed_trades.trade_id
[LearningEngine] Processed trade tr_BTCUSDT_1786547149_e8411fd5-6579-482c-9496-5191146c0f8e (Score: 75/100 | Ver: v1.0.0)
[Database Warning] Duplicate trade_id 'tr_AVAXUSDT_1786542207_7161a05c-66f7-45e7-b5c1-a679516da5af' detected. Retrying with fresh UUID 'tr_AVAXUSDT_1786547181_7ade72aa-113f-42fa-8258-93a6bc04d210': UNIQUE constraint failed: completed_trades.trade_id
[Database Warning] Duplicate trade_id 'tr_ADAUSDT_1786542207_5d7ac271-9c49-4918-b718-6f6ec66f0878' detected. Retrying with fresh UUID 'tr_ADAUSDT_1786547182_cb4c1f9e-e27e-41df-b47e-4f8b96632a14': UNIQUE constraint failed: completed_trades.trade_id
[Database Warning] Duplicate trade_id 'tr_AVAXUSDT_1786542207_ae13c19a-8781-4a7b-b6ef-fdcdb7efea5a' detected. Retrying with fresh UUID 'tr_AVAXUSDT_1786547182_e3d9376f-f6d9-4d4c-9a7f-025e9023ed0f': UNIQUE constraint failed: completed_trades.trade_id
[Database Warning] Duplicate trade_id 'tr_DOTUSDT_1786542207_2d016bde-b329-46ec-adfa-a8a975a59c69' detected. Retrying with fresh UUID 'tr_DOTUSDT_1786547182_eee71266-ba16-4309-9651-2693081fa513': UNIQUE constraint failed: completed_trades.trade_id
[Database Warning] Duplicate trade_id 'tr_AVAXUSDT_1786542206_c3cd6e31-bba6-46dc-929b-778288776d60' detected. Retrying with fresh UUID 'tr_AVAXUSDT_1786547183_1dadf7d8-3ef1-4ed7-b540-dc589e0b1feb': UNIQUE constraint failed: completed_trades.trade_id
{"timestamp_utc": "2026-08-12T15:06:23.487213+00:00", "level": "INFO", "logger": "trading_bot", "message": "[WS] control message: {'success': True, 'ret_msg': 'pong', 'conn_id': 'd9tcajmgcca9r5l6sugg-e6im', 'req_id': '', 'op': 'ping'}", "correlation_id": "48516d32-6873-4356-ae68-c6a4eea1e38b", "module": "logger", "line_no": 47}
[Database Warning] Duplicate trade_id 'tr_BTCUSDT_1786542206_4a5a751c-c802-4600-91ae-fa3c458185ed' detected. Retrying with fresh UUID 'tr_BTCUSDT_1786547183_27599f0f-289c-4d07-bd23-0aad456855c5': UNIQUE constraint failed: completed_trades.trade_id
[Database Warning] Duplicate trade_id 'tr_BTCUSDT_1786542206_5f45769e-4a6e-4fb6-8f3d-28de7a190a06' detected. Retrying with fresh UUID 'tr_BTCUSDT_1786547184_b8195232-34a4-4102-9450-a3a94bbf7a3b': UNIQUE constraint failed: completed_trades.trade_id
[Database Warning] Duplicate trade_id 'tr_BNBUSDT_1786542206_bcbc3562-14b0-43b1-8602-de7ee1ad2512' detected. Retrying with fresh UUID 'tr_BNBUSDT_1786547184_058461a8-3a0c-4a0d-a0b6-0b88cbd27d9d': UNIQUE constraint failed: completed_trades.trade_id
[Database Warning] Duplicate trade_id 'tr_XRPUSDT_1786542206_1757b251-90d0-438b-9458-247e9e19c795' detected. Retrying with fresh UUID 'tr_XRPUSDT_1786547184_60cf19d9-e11d-4e4c-969f-4730506b7c84': UNIQUE constraint failed: completed_trades.trade_id
[Database Warning] Duplicate trade_id 'tr_SOLUSDT_1786542206_02f3a0ef-a8ea-4858-9de1-96949b870071' detected. Retrying with fresh UUID 'tr_SOLUSDT_1786547185_bca1e1a4-123c-4cfe-ab5c-2c5fb861fa0e': UNIQUE constraint failed: completed_trades.trade_id
[Database Warning] Duplicate trade_id 'tr_DOTUSDT_1786542206_69479bb3-fc4c-41f0-92ae-0b8da34b21e4' detected. Retrying with fresh UUID 'tr_DOTUSDT_1786547185_71b26c86-9eaa-45dd-a24b-5c7c53b5c4a5': UNIQUE constraint failed: completed_trades.trade_id
[Database Warning] Duplicate trade_id 'tr_ETHUSDT_1786542206_0ab55ec3-b7b4-4523-baf1-aa27a817137f' detected. Retrying with fresh UUID 'tr_ETHUSDT_1786547185_eefaea51-210d-4a4a-af4e-d326b71d852b': UNIQUE constraint failed: completed_trades.trade_id
[LearningEngine] Processed trade tr_XRPUSDT_1786547149_4aef60dc-a74a-4e27-9bd0-b6a37abd86d4 (Score: 20/100 | Ver: v1.0.0)
[Database Warning] Duplicate trade_id 'tr_SOLUSDT_1786542206_d07350c3-c76a-4f62-be2d-83f2114c0ff3' detected. Retrying with fresh UUID 'tr_SOLUSDT_1786547186_c63c541e-dcf3-421b-98ea-6208f1dff23b': UNIQUE constraint failed: completed_trades.trade_id
[Database Warning] Duplicate trade_id 'tr_BNBUSDT_1786542205_aebb056a-bf61-45d5-9aa3-19faedce89fd' detected. Retrying with fresh UUID 'tr_BNBUSDT_1786547186_fce06eac-c0b2-4d09-a248-565bbf614a44': UNIQUE constraint failed: completed_trades.trade_id
[Database Warning] Duplicate trade_id 'tr_ETHUSDT_1786542205_1c3c5d6d-db81-474e-b280-903b40f0066e' detected. Retrying with fresh UUID 'tr_ETHUSDT_1786547187_0666f0e9-b68f-42eb-bd29-7b176e03d4c4': UNIQUE constraint failed: completed_trades.trade_id
[Model Governance] Loaded 'ensemble_trending_trend_60' | Model: v7.2.0-f2b1393a-202608061021 | Feature: v3.1.0 | Ensemble: v3.0_stacking | SHA: db6b44dd | Features: 34
[Database Warning] Duplicate trade_id 'tr_XRPUSDT_1786542205_0b3ca714-374c-4d3d-a6a6-1c422cf38b8a' detected. Retrying with fresh UUID 'tr_XRPUSDT_1786547187_c6767d63-a696-48b4-89aa-ad6881f5ad66': UNIQUE constraint failed: completed_trades.trade_id
[Model Governance] Loaded 'ensemble_trending_price_60' | Model: v7.2.0-9aa1aeb6-202608101230 | Feature: v3.1.0 | Ensemble: v3.0_stacking | SHA: db6b44dd | Features: 34
[SignalEvaluator] Evaluated 60m (BTCUSDT): Regime=Trending (ADX 20.3), Direction=Neutral, Source=ML_ENSEMBLE, ADX=20.3
[Database Warning] Duplicate trade_id 'tr_BTCUSDT_1786542205_dea7e2bf-43df-44fe-af86-9d95f5a00094' detected. Retrying with fresh UUID 'tr_BTCUSDT_1786547187_8643bc94-a0e9-4558-b4f4-d8a67831e0ce': UNIQUE constraint failed: completed_trades.trade_id
[Database Warning] Duplicate trade_id 'tr_BTCUSDT_1786542205_bad251bd-36ff-4674-a839-6fc4d738c970' detected. Retrying with fresh UUID 'tr_BTCUSDT_1786547188_6c98ee5e-6cc7-430f-9dc0-9b453928ba68': UNIQUE constraint failed: completed_trades.trade_id
[Database Warning] Duplicate trade_id 'tr_XRPUSDT_1786542205_dcef7e68-0e2a-44a1-9e17-72c39a5d86f3' detected. Retrying with fresh UUID 'tr_XRPUSDT_1786547188_9bf4ed7b-4aa9-43d7-b463-4330f9069ff5': UNIQUE constraint failed: completed_trades.trade_id
[Database Warning] Duplicate trade_id 'tr_SOLUSDT_1786542205_3d8a5374-95f6-44fb-883b-73ff8ed3f066' detected. Retrying with fresh UUID 'tr_SOLUSDT_1786547188_372ef766-a471-4582-b5ec-de06c1f68b54': UNIQUE constraint failed: completed_trades.trade_id
[Database Warning] Duplicate trade_id 'tr_LTCUSDT_1786542205_34ab52f1-c02d-41c1-a4f5-08e82b46757e' detected. Retrying with fresh UUID 'tr_LTCUSDT_1786547188_17316800-fb6c-4fdc-91d2-d571a323d5c0': UNIQUE constraint failed: completed_trades.trade_id
[Database Warning] Duplicate trade_id 'tr_BNBUSDT_1786542204_4ea5f887-e9cc-4799-b34b-23eb21a6966f' detected. Retrying with fresh UUID 'tr_BNBUSDT_1786547189_d42f6858-0127-4a30-bc30-9da0e09608f0': UNIQUE constraint failed: completed_trades.trade_id
[LearningEngine] Processed trade tr_AVAXUSDT_1786547149_72666898-ecb2-4721-94dd-a2135e1d13c6 (Score: 75/100 | Ver: v1.0.0)
[Database Warning] Duplicate trade_id 'tr_XRPUSDT_1786542204_65213d41-94bb-49a5-8327-2861d30356ce' detected. Retrying with fresh UUID 'tr_XRPUSDT_1786547189_96fadb38-03f6-4eb1-a3a1-3d6ad0fce156': UNIQUE constraint failed: completed_trades.trade_id
[Database Warning] Duplicate trade_id 'tr_SOLUSDT_1786542204_edbca58a-00e8-4c20-b336-d6d85a383998' detected. Retrying with fresh UUID 'tr_SOLUSDT_1786547189_72342232-819a-4d7d-8a7a-553103e47bc8': UNIQUE constraint failed: completed_trades.trade_id
[Database Warning] Duplicate trade_id 'tr_BTCUSDT_1786542204_c13d87f0-f80f-4fbd-848a-97ebf5e12471' detected. Retrying with fresh UUID 'tr_BTCUSDT_1786547190_df9455ed-71be-47a3-96f1-bf3049feacc8': UNIQUE constraint failed: completed_trades.trade_id
[Database Warning] Duplicate trade_id 'tr_XRPUSDT_1786542204_f54fa397-dd51-4e5b-9753-dcd12482ec47' detected. Retrying with fresh UUID 'tr_XRPUSDT_1786547190_7e36ca2f-0b7c-4ef8-ba7d-d3a0b0336aad': UNIQUE constraint failed: completed_trades.trade_id
[Database Warning] Duplicate trade_id 'tr_LTCUSDT_1786542204_a9c944d8-eed2-4f62-b4ef-2431bb0d8c72' detected. Retrying with fresh UUID 'tr_LTCUSDT_1786547190_f19ffb67-6a69-4926-bff6-7c43ac13708e': UNIQUE constraint failed: completed_trades.trade_id
[Database Warning] Duplicate trade_id 'tr_DOTUSDT_1786542204_fc4a6078-2e6c-4ca4-b73f-7fb8498fa7c4' detected. Retrying with fresh UUID 'tr_DOTUSDT_1786547191_d2bc190c-21a6-4a38-b0bd-d05ec0d63b7d': UNIQUE constraint failed: completed_trades.trade_id
[Database Warning] Duplicate trade_id 'tr_DOTUSDT_1786542204_bb6768ca-9a26-4c67-9154-31beb6a08f1b' detected. Retrying with fresh UUID 'tr_DOTUSDT_1786547191_c9f39bf9-cee5-452b-9b2b-e92a45d1a6b8': UNIQUE constraint failed: completed_trades.trade_id
[Database Warning] Duplicate trade_id 'tr_XRPUSDT_1786542204_9ce06827-4747-4d9c-8422-ae3f7d3b93d9' detected. Retrying with fresh UUID 'tr_XRPUSDT_1786547191_bf617e0f-2523-43c8-8e84-176bb6081dd7': UNIQUE constraint failed: completed_trades.trade_id
[Database Warning] Duplicate trade_id 'tr_LTCUSDT_1786542204_70817d98-8d7a-4f01-8974-6e16f1c7e7b7' detected. Retrying with fresh UUID 'tr_LTCUSDT_1786547192_3f5e7741-73de-4829-ba14-0d590267a9e1': UNIQUE constraint failed: completed_trades.trade_id
[Database Warning] Duplicate trade_id 'tr_LTCUSDT_1786542203_4b39f8dd-5a4b-4bed-bec0-687bd498bc36' detected. Retrying with fresh UUID 'tr_LTCUSDT_1786547192_90a2c1db-595e-41d3-adcd-4f87a4796c13': UNIQUE constraint failed: completed_trades.trade_id
[Database Warning] Duplicate trade_id 'tr_XRPUSDT_1786542203_86f68ac1-b948-42e2-b8c2-82982089b4da' detected. Retrying with fresh UUID 'tr_XRPUSDT_1786547192_2709f643-3aba-40f2-8744-c9490fa44f52': UNIQUE constraint failed: completed_trades.trade_id
[Model Governance] Loaded 'ensemble_trending_trend_120' | Model: v7.2.0-f2b1393a-202608061021 | Feature: v3.1.0 | Ensemble: v3.0_stacking | SHA: 073eeb61 | Features: 46
[Model Governance] Loaded 'ensemble_trending_price_120' | Model: v7.2.0-9aa1aeb6-202608101230 | Feature: v3.1.0 | Ensemble: v3.0_stacking | SHA: 9aa1aeb6 | Features: 46
[LearningEngine] Processed trade tr_BNBUSDT_1786547149_d752285f-46aa-4747-a4a6-9922c372e066 (Score: 20/100 | Ver: v1.0.0)
[Database Warning] Duplicate trade_id 'tr_LTCUSDT_1786542203_49bffc5f-b9d3-4c63-afb5-3a96f688f021' detected. Retrying with fresh UUID 'tr_LTCUSDT_1786547193_1d16e3a0-f5a8-4683-a379-b31dd18ce7d2': UNIQUE constraint failed: completed_trades.trade_id
[SignalEvaluator] Evaluated 120m (BTCUSDT): Regime=Trending (ADX 26.5), Direction=Neutral, Source=ML_ENSEMBLE, ADX=26.5
[Database Warning] Duplicate trade_id 'tr_XRPUSDT_1786542203_37867e46-f5b6-473a-8865-ba7560b9b27c' detected. Retrying with fresh UUID 'tr_XRPUSDT_1786547193_250db19f-93e6-4d46-b952-b4896e321116': UNIQUE constraint failed: completed_trades.trade_id
[Database Warning] Duplicate trade_id 'tr_ADAUSDT_1786542203_b8d742e4-1870-407d-8663-aabb962a456e' detected. Retrying with fresh UUID 'tr_ADAUSDT_1786547193_211b2b7a-87fa-4a1b-b4b8-684ebfdd7d8f': UNIQUE constraint failed: completed_trades.trade_id
[Database Warning] Duplicate trade_id 'tr_ADAUSDT_1786542203_69217122-9f4f-4e4f-bc84-e355dd9e016a' detected. Retrying with fresh UUID 'tr_ADAUSDT_1786547193_dde82457-c236-41b5-a036-5bf9c948e165': UNIQUE constraint failed: completed_trades.trade_id
[Database Warning] Duplicate trade_id 'tr_DOTUSDT_1786542203_68c684cf-a753-44dd-9bf8-b18e38826f13' detected. Retrying with fresh UUID 'tr_DOTUSDT_1786547194_ec45676d-e560-4c0e-b3bb-d41284e89523': UNIQUE constraint failed: completed_trades.trade_id
[Database Warning] Duplicate trade_id 'tr_AVAXUSDT_1786542203_8350009b-59ac-4c21-aeb2-9b7d02079b69' detected. Retrying with fresh UUID 'tr_AVAXUSDT_1786547194_9c71572a-f019-46c6-93dd-116200823d2d': UNIQUE constraint failed: completed_trades.trade_id
[Database Warning] Duplicate trade_id 'tr_ADAUSDT_1786542203_313e7a5f-d9d2-43d4-970e-1867d32f507c' detected. Retrying with fresh UUID 'tr_ADAUSDT_1786547194_13cde39d-4da0-43b3-9d3d-c4b2e25e30a8': UNIQUE constraint failed: completed_trades.trade_id
[Database Warning] Duplicate trade_id 'tr_ETHUSDT_1786542203_501e943a-806e-4031-8e8e-ae84c6747d4f' detected. Retrying with fresh UUID 'tr_ETHUSDT_1786547194_bb32da66-e3b6-45ba-8e84-b298ceaf878e': UNIQUE constraint failed: completed_trades.trade_id
[Database Warning] Duplicate trade_id 'tr_SOLUSDT_1786542202_b6fd0cd2-8288-4e98-b904-ab59a1c4080a' detected. Retrying with fresh UUID 'tr_SOLUSDT_1786547194_f8d79c45-b5c8-48c0-8062-77371d2771b6': UNIQUE constraint failed: completed_trades.trade_id
[Database Warning] Duplicate trade_id 'tr_AVAXUSDT_1786542202_4fa643b2-ef27-4e6b-b2d9-feccea7d4185' detected. Retrying with fresh UUID 'tr_AVAXUSDT_1786547195_0017dd10-2b36-46ec-b99c-75407f72557b': UNIQUE constraint failed: completed_trades.trade_id
[Database Warning] Duplicate trade_id 'tr_ETHUSDT_1786542202_c4cf1fbb-4c16-470a-ae18-93666fc4903c' detected. Retrying with fresh UUID 'tr_ETHUSDT_1786547195_c4277a32-250e-4a81-9974-4190a65a6783': UNIQUE constraint failed: completed_trades.trade_id
[Database Warning] Duplicate trade_id 'tr_DOTUSDT_1786542202_2f908f66-5aa3-4131-88fa-7c59a59d9d9b' detected. Retrying with fresh UUID 'tr_DOTUSDT_1786547196_134d309e-9435-49ac-a80a-add719ffab4c': UNIQUE constraint failed: completed_trades.trade_id
[LearningEngine] Processed trade tr_XRPUSDT_1786547149_962c690d-adf9-4554-a479-207e9750ae7d (Score: 20/100 | Ver: v1.0.0)
[Database Warning] Duplicate trade_id 'tr_LTCUSDT_1786542202_b0aa554b-17dc-4876-a432-33965b9bb318' detected. Retrying with fresh UUID 'tr_LTCUSDT_1786547196_a04194ef-2e8a-4067-8a46-a043add9cf5d': UNIQUE constraint failed: completed_trades.trade_id
[Database Warning] Duplicate trade_id 'tr_SOLUSDT_1786542202_c472a9c4-eb15-4e23-951c-c015b3e5a394' detected. Retrying with fresh UUID 'tr_SOLUSDT_1786547197_7c1eb764-788f-4c7c-9ea2-6cbc97b59f71': UNIQUE constraint failed: completed_trades.trade_id
[Database Warning] Duplicate trade_id 'tr_LTCUSDT_1786542201_188cac2b-8cc2-451f-8c12-e6d83a611099' detected. Retrying with fresh UUID 'tr_LTCUSDT_1786547197_152f5d1b-f025-4e51-a237-0f6774e5981c': UNIQUE constraint failed: completed_trades.trade_id
[Database Warning] Duplicate trade_id 'tr_DOTUSDT_1786542201_ca66779b-cf88-4a74-8987-38fdc08f7d0a' detected. Retrying with fresh UUID 'tr_DOTUSDT_1786547197_958fb92d-d5d4-459b-9538-4ce081c824ef': UNIQUE constraint failed: completed_trades.trade_id
[Database Warning] Duplicate trade_id 'tr_AVAXUSDT_1786542201_934eaa07-a306-4849-abc4-c321624e447c' detected. Retrying with fresh UUID 'tr_AVAXUSDT_1786547198_1ef70a30-e6ba-4588-9fbc-668f2a0bf64b': UNIQUE constraint failed: completed_trades.trade_id
[Model Governance] Loaded 'ensemble_trending_trend_240' | Model: v7.2.0-f2b1393a-202608061021 | Feature: v3.1.0 | Ensemble: v3.0_stacking | SHA: 073eeb61 | Features: 26
[Model Governance] Loaded 'ensemble_trending_price_240' | Model: v7.2.0-9aa1aeb6-202608101230 | Feature: v3.1.0 | Ensemble: v3.0_stacking | SHA: 9aa1aeb6 | Features: 26
[Database Warning] Duplicate trade_id 'tr_DOTUSDT_1786542201_d1cd3eb8-26fe-4155-aa4b-7998b93bfa07' detected. Retrying with fresh UUID 'tr_DOTUSDT_1786547198_8f0ce49e-3daa-4cb6-8a8e-8eb26d8f5d0d': UNIQUE constraint failed: completed_trades.trade_id
[SignalEvaluator] Evaluated 240m (BTCUSDT): Regime=Trending (ADX 27.3), Direction=Neutral, Source=ML_ENSEMBLE, ADX=27.3
[Database Warning] Duplicate trade_id 'tr_AVAXUSDT_1786542201_c10879cb-aef4-49c0-9f53-84ee2a6d30ef' detected. Retrying with fresh UUID 'tr_AVAXUSDT_1786547198_1389ccaa-1fe3-4443-a48a-ec7f96fe4b5f': UNIQUE constraint failed: completed_trades.trade_id
[Database Warning] Duplicate trade_id 'tr_AVAXUSDT_1786542201_a9bb57c2-c101-44a6-a58a-ad97262afdff' detected. Retrying with fresh UUID 'tr_AVAXUSDT_1786547198_81f32b2a-e55c-44b9-9fb6-69f10a8689d6': UNIQUE constraint failed: completed_trades.trade_id
[Database Warning] Duplicate trade_id 'tr_AVAXUSDT_1786542201_a553af25-b5c7-4f79-9f9b-84bffcbeb9f2' detected. Retrying with fresh UUID 'tr_AVAXUSDT_1786547198_578bb156-4e4a-448a-bcd7-c945ef43b122': UNIQUE constraint failed: completed_trades.trade_id
[Database Warning] Duplicate trade_id 'tr_DOTUSDT_1786542201_689ecfb3-4678-4b7b-841b-1142f48f7b76' detected. Retrying with fresh UUID 'tr_DOTUSDT_1786547199_a1f5d2cf-4675-4055-b458-d7ee9461c9d9': UNIQUE constraint failed: completed_trades.trade_id
[Database Warning] Duplicate trade_id 'tr_XRPUSDT_1786542201_e69d67a6-96a6-4ee9-89d5-5c9ccc6b3129' detected. Retrying with fresh UUID 'tr_XRPUSDT_1786547199_83e7f175-816a-48a0-bd40-93139b2e942e': UNIQUE constraint failed: completed_trades.trade_id
[LearningEngine] Processed trade tr_XRPUSDT_1786547149_2d2bc61e-cbc1-4543-bd2a-6a27f1024f6e (Score: 20/100 | Ver: v1.0.0)
[Database Warning] Duplicate trade_id 'tr_XRPUSDT_1786542200_adb43edb-ca52-4777-ae57-0a9c3a335b43' detected. Retrying with fresh UUID 'tr_XRPUSDT_1786547199_f9835adb-5ed5-46d7-b4ef-02f14f3520c9': UNIQUE constraint failed: completed_trades.trade_id
[Database Warning] Duplicate trade_id 'tr_DOTUSDT_1786542200_57e1a904-8edc-42cb-b373-d211747cf4c1' detected. Retrying with fresh UUID 'tr_DOTUSDT_1786547199_5fcd84ce-e714-4a10-9d9e-252583910db7': UNIQUE constraint failed: completed_trades.trade_id
[Database Warning] Duplicate trade_id 'tr_AVAXUSDT_1786542200_2696301d-b8af-4783-b4ee-3ed5dba15444' detected. Retrying with fresh UUID 'tr_AVAXUSDT_1786547199_840ef3ba-e140-4404-97d2-9c181c77e272': UNIQUE constraint failed: completed_trades.trade_id
[Database Warning] Duplicate trade_id 'tr_AVAXUSDT_1786542200_e76f7989-e3f4-4ce4-a5b5-36a2406da7ae' detected. Retrying with fresh UUID 'tr_AVAXUSDT_1786547200_9950d1b5-cede-496c-b69d-3bcd2dee4ff3': UNIQUE constraint failed: completed_trades.trade_id
[Database Warning] Duplicate trade_id 'tr_DOTUSDT_1786542200_ccc7d5d8-cfc5-4db8-81da-af8ce2b57df3' detected. Retrying with fresh UUID 'tr_DOTUSDT_1786547200_47c70131-fd12-4862-afbf-1da4d7d3c12d': UNIQUE constraint failed: completed_trades.trade_id
[Database Warning] Duplicate trade_id 'tr_DOTUSDT_1786542200_c8411813-cbd3-46c7-954c-d23581ec13b3' detected. Retrying with fresh UUID 'tr_DOTUSDT_1786547200_f808142a-4faf-4131-87b0-249779f8392e': UNIQUE constraint failed: completed_trades.trade_id
[Database Warning] Duplicate trade_id 'tr_AVAXUSDT_1786542200_8ba92a04-68c0-45e9-925a-612a278c9791' detected. Retrying with fresh UUID 'tr_AVAXUSDT_1786547200_424dd563-42cd-498b-b957-bbbcac02e5c5': UNIQUE constraint failed: completed_trades.trade_id
[Database Warning] Duplicate trade_id 'tr_AVAXUSDT_1786542200_65bb717e-cd41-4597-a7d2-2a8b1b067d57' detected. Retrying with fresh UUID 'tr_AVAXUSDT_1786547201_f4394647-958e-4e75-862c-b953abe11f9a': UNIQUE constraint failed: completed_trades.trade_id
[Database Warning] Duplicate trade_id 'tr_DOTUSDT_1786542200_57480a42-40fa-44f9-84e6-b0c07fe3d670' detected. Retrying with fresh UUID 'tr_DOTUSDT_1786547201_5656bda2-7d09-40a9-97ac-689ab7902394': UNIQUE constraint failed: completed_trades.trade_id
[Database Warning] Duplicate trade_id 'tr_DOTUSDT_1786542200_eb9ca236-56c1-41db-8387-184b8053ec3b' detected. Retrying with fresh UUID 'tr_DOTUSDT_1786547201_c6202c21-ff7a-4b40-b2ff-74c084073a46': UNIQUE constraint failed: completed_trades.trade_id
[Database Warning] Duplicate trade_id 'tr_BNBUSDT_1786542200_c7e9e9a8-c5bb-4b78-92f1-69be7903df00' detected. Retrying with fresh UUID 'tr_BNBUSDT_1786547201_1e113d3d-b13e-472b-98f6-e54a0f1d6064': UNIQUE constraint failed: completed_trades.trade_id
[Database Warning] Duplicate trade_id 'tr_DOTUSDT_1786542199_7f969fd2-63e3-4acc-b777-81730c837caa' detected. Retrying with fresh UUID 'tr_DOTUSDT_1786547201_828e1e0b-99ea-4526-8d55-a40814496168': UNIQUE constraint failed: completed_trades.trade_id
[Database Warning] Duplicate trade_id 'tr_BNBUSDT_1786542199_b6e01b8d-875f-49a8-8afb-1c8b416aaec3' detected. Retrying with fresh UUID 'tr_BNBUSDT_1786547202_be92108f-e133-4328-beaa-e6d5045dcaf7': UNIQUE constraint failed: completed_trades.trade_id
[LearningEngine] Processed trade tr_XRPUSDT_1786547150_2373049e-032b-4a81-8a38-83137311417d (Score: 20/100 | Ver: v1.0.0)
[Database Warning] Duplicate trade_id 'tr_BNBUSDT_1786542199_157b275d-d59c-4bae-9e34-c0e415c3f60a' detected. Retrying with fresh UUID 'tr_BNBUSDT_1786547202_9395086a-2318-4db7-ac1c-7d913790c07b': UNIQUE constraint failed: completed_trades.trade_id
[Database Warning] Duplicate trade_id 'tr_DOTUSDT_1786542199_cce06636-c7c6-4604-8715-b60889635208' detected. Retrying with fresh UUID 'tr_DOTUSDT_1786547202_8c7526e2-7312-4792-bb6a-9af1c00af60b': UNIQUE constraint failed: completed_trades.trade_id
[Database Warning] Duplicate trade_id 'tr_AVAXUSDT_1786542199_04349f1e-25ce-4fcd-b061-f99f7dc23769' detected. Retrying with fresh UUID 'tr_AVAXUSDT_1786547202_5c8b0622-2ffa-4d15-bf7b-8fcd5d51a01f': UNIQUE constraint failed: completed_trades.trade_id
[Database Warning] Duplicate trade_id 'tr_XRPUSDT_1786542199_65f5cb73-6ca9-4e93-b8d4-9816a6d727a6' detected. Retrying with fresh UUID 'tr_XRPUSDT_1786547203_262ada74-669c-4672-86f5-0ed701d75a14': UNIQUE constraint failed: completed_trades.trade_id
{"timestamp_utc": "2026-08-12T15:06:43.482343+00:00", "level": "INFO", "logger": "trading_bot", "message": "[WS] control message: {'success': True, 'ret_msg': 'pong', 'conn_id': 'd9tcajmgcca9r5l6sugg-e6im', 'req_id': '', 'op': 'ping'}", "correlation_id": "7c449bf9-8ce3-45ed-a558-8a31084271d3", "module": "logger", "line_no": 47}
[Database Warning] Duplicate trade_id 'tr_XRPUSDT_1786542199_fcf57821-ec22-4c9a-b9d4-868fd4fbbd31' detected. Retrying with fresh UUID 'tr_XRPUSDT_1786547203_c3e87dda-a9b0-487b-a807-7919f60c344b': UNIQUE constraint failed: completed_trades.trade_id
[Database Warning] Duplicate trade_id 'tr_ETHUSDT_1786542198_b0cdd8d5-7325-4bfe-9ee7-172c56b6bdf9' detected. Retrying with fresh UUID 'tr_ETHUSDT_1786547203_b79d154b-bc3d-489f-9939-8255d9f6991f': UNIQUE constraint failed: completed_trades.trade_id
[Database Warning] Duplicate trade_id 'tr_LTCUSDT_1786542198_babe087a-63bc-4fb7-8e55-1eefda2f06c6' detected. Retrying with fresh UUID 'tr_LTCUSDT_1786547203_25f98e3f-ae29-4105-b3b7-f2a92d96f76b': UNIQUE constraint failed: completed_trades.trade_id
[Database Warning] Duplicate trade_id 'tr_DOTUSDT_1786542198_0b50d2ad-e41f-4d73-918a-212a1dfd8894' detected. Retrying with fresh UUID 'tr_DOTUSDT_1786547204_59f854af-18ed-4d00-b45c-6d4c1719f17f': UNIQUE constraint failed: completed_trades.trade_id
[Database Warning] Duplicate trade_id 'tr_ADAUSDT_1786542198_a74c6862-eebf-4f73-8e74-dc357b78fc28' detected. Retrying with fresh UUID 'tr_ADAUSDT_1786547204_93607666-d567-42fa-ac44-778c6a649b7d': UNIQUE constraint failed: completed_trades.trade_id
[Database Warning] Duplicate trade_id 'tr_BTCUSDT_1786542198_139fbcdf-1ed3-4bae-9539-6162f7f96c0d' detected. Retrying with fresh UUID 'tr_BTCUSDT_1786547204_450269c7-32aa-463b-a11f-0b8cfc52edf3': UNIQUE constraint failed: completed_trades.trade_id
[LearningEngine] Processed trade tr_XRPUSDT_1786547150_cab64063-7c92-4ba2-8ad9-f087159d1a35 (Score: 20/100 | Ver: v1.0.0)
[Database Warning] Duplicate trade_id 'tr_DOTUSDT_1786542198_e2cbf3c4-99fb-40e3-a517-3d97dd4eafdf' detected. Retrying with fresh UUID 'tr_DOTUSDT_1786547204_dd4400ad-e68e-4876-84b6-2374832fde4f': UNIQUE constraint failed: completed_trades.trade_id
[Database Warning] Duplicate trade_id 'tr_DOTUSDT_1786542198_5685c030-2bc8-44df-ac29-446938a3f2d5' detected. Retrying with fresh UUID 'tr_DOTUSDT_1786547205_16fe585a-26dc-4015-a38b-92a8d94637f9': UNIQUE constraint failed: completed_trades.trade_id
[Database Warning] Duplicate trade_id 'tr_LTCUSDT_1786542198_6b4af771-de22-46f4-895f-99fd2b75c43a' detected. Retrying with fresh UUID 'tr_LTCUSDT_1786547205_7773acc3-c092-4323-8c32-dbdad3a36122': UNIQUE constraint failed: completed_trades.trade_id
[Database Warning] Duplicate trade_id 'tr_AVAXUSDT_1786542198_cb3cd90d-ac0b-4527-a85e-657ce029dcba' detected. Retrying with fresh UUID 'tr_AVAXUSDT_1786547206_4c2dcc55-9e82-4504-9b8d-9e305fdc24b0': UNIQUE constraint failed: completed_trades.trade_id
[Database Warning] Duplicate trade_id 'tr_AVAXUSDT_1786542197_15a33314-8392-48e3-944b-8617d97f7100' detected. Retrying with fresh UUID 'tr_AVAXUSDT_1786547206_ecde0516-3add-4226-9e39-eb1d1e608dbe': UNIQUE constraint failed: completed_trades.trade_id
[LearningEngine] Processed trade tr_XRPUSDT_1786547150_391dafcc-9e07-4015-af67-f14d3fbc4166 (Score: 20/100 | Ver: v1.0.0)
[LearningEngine] Processed trade tr_XRPUSDT_1786547150_d5bc5eb3-95f5-4a0f-a833-fff66afddb09 (Score: 20/100 | Ver: v1.0.0)
{"timestamp_utc": "2026-08-12T15:06:56.898334+00:00", "level": "WARNING", "logger": "trading_bot", "message": "Ensemble notice: Manifest signature invalid \u2014 refusing to load", "correlation_id": "a0b685a9-dfd5-42c4-a9eb-2c11392bfb0d", "module": "logger", "line_no": 47}
[Model Governance] Loaded 'ensemble_trending_trend_15' | Model: v7.2.0-f2b1393a-202608061021 | Feature: v3.1.0 | Ensemble: v3.0_stacking | SHA: c53a7e59 | Features: 22
[Model Governance] Loaded 'ensemble_trending_price_15' | Model: v7.2.0-9aa1aeb6-202608101251 | Feature: v3.1.0 | Ensemble: v3.0_stacking | SHA: c53a7e59 | Features: 22
{"timestamp_utc": "2026-08-12T15:06:57.035439+00:00", "level": "WARNING", "logger": "trading_bot", "message": "Ensemble notice: [Feature Shape Mismatch Error (H-04/F-12)] Input vector feature count (22) does not match model expected features (53). Silent truncation or zero-padding of positional features is prohibited because feature order cannot be guaranteed. Retrain models to match current feature contract.", "correlation_id": "77a26802-b80e-427b-a3bc-28e550280bc7", "module": "logger", "line_no": 47}
[SignalEvaluator] Evaluated 15m (ETHUSDT): Regime=Trending (ADX 35.9), Direction=Bullish, Source=ML_ENSEMBLE, ADX=35.9
[LearningEngine] Processed trade tr_XRPUSDT_1786547150_182f9b7e-af66-4ced-8127-adbbff2414b8 (Score: 35/100 | Ver: v1.0.0)
[LearningEngine] Processed trade tr_XRPUSDT_1786547150_29e6b072-7694-4625-a8b4-28ed4231f6a7 (Score: 35/100 | Ver: v1.0.0)
{"timestamp_utc": "2026-08-12T15:07:03.490971+00:00", "level": "INFO", "logger": "trading_bot", "message": "[WS] control message: {'success': True, 'ret_msg': 'pong', 'conn_id': 'd9tcajmgcca9r5l6sugg-e6im', 'req_id': '', 'op': 'ping'}", "correlation_id": "795cefdc-cd1b-4ded-a08f-9bcc498bc16c", "module": "logger", "line_no": 47}
[LearningEngine] Processed trade tr_XRPUSDT_1786547150_d22523e6-c474-42f1-83e2-993db715fa16 (Score: 35/100 | Ver: v1.0.0)
[Model Governance] Loaded 'ensemble_trending_trend_30' | Model: v7.2.0-f2b1393a-202608061021 | Feature: v3.1.0 | Ensemble: v3.0_stacking | SHA: 073eeb61 | Features: 25
[Model Governance] Loaded 'ensemble_trending_price_30' | Model: v7.2.0-9aa1aeb6-202608101230 | Feature: v3.1.0 | Ensemble: v3.0_stacking | SHA: 9aa1aeb6 | Features: 25
[SignalEvaluator] Evaluated 30m (ETHUSDT): Regime=Trending (ADX 32.6), Direction=Bullish, Source=ML_ENSEMBLE, ADX=32.6
[LearningEngine] Processed trade tr_XRPUSDT_1786547150_bf5763e8-e8df-4ae0-896f-f61c9355e0f0 (Score: 35/100 | Ver: v1.0.0)
[LearningEngine] Processed trade tr_XRPUSDT_1786547151_31c1ae86-981c-450a-b3d0-1984005a5f2b (Score: 35/100 | Ver: v1.0.0)
[LearningEngine] Processed trade tr_XRPUSDT_1786547151_5a3168b6-d21d-4527-ba06-965a6d29c4f9 (Score: 35/100 | Ver: v1.0.0)
[LearningEngine] Processed trade tr_XRPUSDT_1786547151_08312d00-ee46-4ac7-8778-fcf0ea6f9bd8 (Score: 35/100 | Ver: v1.0.0)
[LearningEngine] Processed trade tr_XRPUSDT_1786547151_3596eda6-baf4-40c0-8967-aeea654b59ed (Score: 35/100 | Ver: v1.0.0)
{"timestamp_utc": "2026-08-12T15:07:23.508110+00:00", "level": "INFO", "logger": "trading_bot", "message": "[WS] control message: {'success': True, 'ret_msg': 'pong', 'conn_id': 'd9tcajmgcca9r5l6sugg-e6im', 'req_id': '', 'op': 'ping'}", "correlation_id": "a3413fa3-6766-4c3e-a1b6-357c858d1b57", "module": "logger", "line_no": 47}
[LearningEngine] Processed trade tr_XRPUSDT_1786547151_761e2678-01ba-443d-930e-77218ccf7193 (Score: 35/100 | Ver: v1.0.0)
{"timestamp_utc": "2026-08-12T15:07:43.539262+00:00", "level": "INFO", "logger": "trading_bot", "message": "[WS] control message: {'success': True, 'ret_msg': 'pong', 'conn_id': 'd9tcajmgcca9r5l6sugg-e6im', 'req_id': '', 'op': 'ping'}", "correlation_id": "74e62406-0a13-4eb0-9d85-75d177718e06", "module": "logger", "line_no": 47}
{"timestamp_utc": "2026-08-12T15:08:04.100664+00:00", "level": "INFO", "logger": "trading_bot", "message": "[WS] control message: {'success': True, 'ret_msg': 'pong', 'conn_id': 'd9tcajmgcca9r5l6sugg-e6im', 'req_id': '', 'op': 'ping'}", "correlation_id": "19f23fe1-a8cb-407e-8740-17239dd20d04", "module": "logger", "line_no": 47}
{"timestamp_utc": "2026-08-12T15:08:27.774240+00:00", "level": "INFO", "logger": "trading_bot", "message": "[WS] control message: {'success': True, 'ret_msg': 'pong', 'conn_id': 'd9tcajmgcca9r5l6sugg-e6im', 'req_id': '', 'op': 'ping'}", "correlation_id": "54ba3839-aa5b-4429-91d8-68bf461bd9ec", "module": "logger", "line_no": 47}
