[MLflow] Initialized experiment 'BTC_Trading_Bot' with tracking URI 'sqlite:///mlflow.db'
{"timestamp_utc": "2026-08-14T20:34:47.109242+00:00", "level": "WARNING", "logger": "trading_bot", "message": "train notice: Invalid classes inferred from unique values of `y`.  Expected: [0], got [1]", "correlation_id": "f5ed7c48-a62e-4e25-af80-1151bc2d268d", "module": "logger", "line_no": 47}
{"timestamp_utc": "2026-08-14T20:34:47.157457+00:00", "level": "WARNING", "logger": "trading_bot", "message": "train notice: Found array with 1 sample(s) (shape=(1, 2)) while a minimum of 2 is required by LGBMClassifier.", "correlation_id": "a5f25cdc-60d1-45ca-aa18-979b13b06f7c", "module": "logger", "line_no": 47}
{"timestamp_utc": "2026-08-14T20:34:47.213718+00:00", "level": "WARNING", "logger": "trading_bot", "message": "train notice: catboost/cuda/cuda_lib/cuda_base.h:265: CUDA error 35: CUDA driver version is insufficient for CUDA runtime version", "correlation_id": "1394c552-3685-4aca-bd09-2c9849a85873", "module": "logger", "line_no": 47}

==============================================
TRAINING FOR INTERVAL: 15
==============================================

--- Loaded existing barrier config from optimized_barriers_15.json (skipping Optuna pre-study) ---
--- Processing BTCUSDT for interval 15m (3000 candles) ---
{"timestamp_utc": "2026-08-14T20:34:59.714251+00:00", "level": "WARNING", "logger": "trading_bot", "message": "[BTCUSDT 15m Data Continuity] Detected 1 gap(s) in candle series. Max gap: 24.0x bars.", "correlation_id": "436960c1-7ea7-413e-aa3f-bc78f454d8ee", "module": "logger", "line_no": 47}
Merging Open Interest, Funding Rate, and Fear & Greed for BTCUSDT...
Engineering features for BTCUSDT...
Successfully processed BTCUSDT: 2988 rows.
--- Processing ETHUSDT for interval 15m (3000 candles) ---
{"timestamp_utc": "2026-08-14T20:35:16.434998+00:00", "level": "WARNING", "logger": "trading_bot", "message": "[BTCUSDT 15m Data Continuity] Detected 1 gap(s) in candle series. Max gap: 24.0x bars.", "correlation_id": "ea5fb998-97e0-477e-90ba-da2b75491a0a", "module": "logger", "line_no": 47}
Merging Open Interest, Funding Rate, and Fear & Greed for ETHUSDT...
{"timestamp_utc": "2026-08-14T20:35:35.947005+00:00", "level": "WARNING", "logger": "trading_bot", "message": "[BTCUSDT 15m Data Continuity] Detected 1 gap(s) in candle series. Max gap: 24.0x bars.", "correlation_id": "2125637c-9103-45d7-b7a0-e08573cd342c", "module": "logger", "line_no": 47}
Engineering features for ETHUSDT...
Successfully processed ETHUSDT: 2965 rows.
--- Processing SOLUSDT for interval 15m (3000 candles) ---
{"timestamp_utc": "2026-08-14T20:35:45.210017+00:00", "level": "WARNING", "logger": "trading_bot", "message": "[BTCUSDT 15m Data Continuity] Detected 1 gap(s) in candle series. Max gap: 24.0x bars.", "correlation_id": "4324db0d-e6be-470f-a79c-d7d40775d96e", "module": "logger", "line_no": 47}
Merging Open Interest, Funding Rate, and Fear & Greed for SOLUSDT...
{"timestamp_utc": "2026-08-14T20:35:48.011515+00:00", "level": "WARNING", "logger": "trading_bot", "message": "[BTCUSDT 15m Data Continuity] Detected 1 gap(s) in candle series. Max gap: 24.0x bars.", "correlation_id": "1cc2d846-5121-4a62-b06a-73635c500758", "module": "logger", "line_no": 47}
Engineering features for SOLUSDT...
Successfully processed SOLUSDT: 2965 rows.
--- Processing BNBUSDT for interval 15m (3000 candles) ---
{"timestamp_utc": "2026-08-14T20:35:53.117370+00:00", "level": "WARNING", "logger": "trading_bot", "message": "[BTCUSDT 15m Data Continuity] Detected 1 gap(s) in candle series. Max gap: 24.0x bars.", "correlation_id": "26d090f8-5684-41ba-bdf5-358916ff7fb1", "module": "logger", "line_no": 47}
Merging Open Interest, Funding Rate, and Fear & Greed for BNBUSDT...
{"timestamp_utc": "2026-08-14T20:35:55.093167+00:00", "level": "WARNING", "logger": "trading_bot", "message": "[BTCUSDT 15m Data Continuity] Detected 1 gap(s) in candle series. Max gap: 24.0x bars.", "correlation_id": "31406225-428a-49e3-92eb-8d51d0263fdf", "module": "logger", "line_no": 47}
Engineering features for BNBUSDT...
Successfully processed BNBUSDT: 2965 rows.
--- Processing ADAUSDT for interval 15m (3000 candles) ---
{"timestamp_utc": "2026-08-14T20:36:27.295147+00:00", "level": "WARNING", "logger": "trading_bot", "message": "[BTCUSDT 15m Data Continuity] Detected 1 gap(s) in candle series. Max gap: 24.0x bars.", "correlation_id": "00670704-5de0-4217-a96d-fa24b560ec21", "module": "logger", "line_no": 47}
Merging Open Interest, Funding Rate, and Fear & Greed for ADAUSDT...
{"timestamp_utc": "2026-08-14T20:36:29.633793+00:00", "level": "WARNING", "logger": "trading_bot", "message": "[BTCUSDT 15m Data Continuity] Detected 1 gap(s) in candle series. Max gap: 24.0x bars.", "correlation_id": "bf55c56c-3945-4e55-be52-41a5b1b43f66", "module": "logger", "line_no": 47}
Engineering features for ADAUSDT...
Successfully processed ADAUSDT: 2965 rows.
--- Processing XRPUSDT for interval 15m (3000 candles) ---
{"timestamp_utc": "2026-08-14T20:36:35.063097+00:00", "level": "WARNING", "logger": "trading_bot", "message": "[BTCUSDT 15m Data Continuity] Detected 1 gap(s) in candle series. Max gap: 24.0x bars.", "correlation_id": "973389e3-bea1-4511-ae59-45e4c76083c3", "module": "logger", "line_no": 47}
Merging Open Interest, Funding Rate, and Fear & Greed for XRPUSDT...
{"timestamp_utc": "2026-08-14T20:36:37.727231+00:00", "level": "WARNING", "logger": "trading_bot", "message": "[BTCUSDT 15m Data Continuity] Detected 1 gap(s) in candle series. Max gap: 24.0x bars.", "correlation_id": "e472b0d8-bf28-454f-a49f-fa04ad9243d1", "module": "logger", "line_no": 47}
Engineering features for XRPUSDT...
Successfully processed XRPUSDT: 2965 rows.
--- Processing AVAXUSDT for interval 15m (3000 candles) ---
{"timestamp_utc": "2026-08-14T20:36:43.073613+00:00", "level": "WARNING", "logger": "trading_bot", "message": "[BTCUSDT 15m Data Continuity] Detected 1 gap(s) in candle series. Max gap: 24.0x bars.", "correlation_id": "101a855a-8721-4880-94d8-fa122699b923", "module": "logger", "line_no": 47}
Merging Open Interest, Funding Rate, and Fear & Greed for AVAXUSDT...
{"timestamp_utc": "2026-08-14T20:36:44.705979+00:00", "level": "WARNING", "logger": "trading_bot", "message": "[BTCUSDT 15m Data Continuity] Detected 1 gap(s) in candle series. Max gap: 24.0x bars.", "correlation_id": "bb905088-20b3-44d5-8ad1-7304b4041952", "module": "logger", "line_no": 47}
Engineering features for AVAXUSDT...
Successfully processed AVAXUSDT: 2965 rows.
--- Processing LTCUSDT for interval 15m (3000 candles) ---
{"timestamp_utc": "2026-08-14T20:36:50.237994+00:00", "level": "WARNING", "logger": "trading_bot", "message": "[BTCUSDT 15m Data Continuity] Detected 1 gap(s) in candle series. Max gap: 24.0x bars.", "correlation_id": "9cd7f0e0-9318-40bb-9dcf-a69695bc62f6", "module": "logger", "line_no": 47}
Merging Open Interest, Funding Rate, and Fear & Greed for LTCUSDT...
{"timestamp_utc": "2026-08-14T20:36:51.656508+00:00", "level": "WARNING", "logger": "trading_bot", "message": "[BTCUSDT 15m Data Continuity] Detected 1 gap(s) in candle series. Max gap: 24.0x bars.", "correlation_id": "11d617b4-3388-4fc7-b89f-3b356f2343a8", "module": "logger", "line_no": 47}
Engineering features for LTCUSDT...
Successfully processed LTCUSDT: 2965 rows.
--- Processing DOTUSDT for interval 15m (3000 candles) ---
{"timestamp_utc": "2026-08-14T20:37:09.397703+00:00", "level": "WARNING", "logger": "trading_bot", "message": "[BTCUSDT 15m Data Continuity] Detected 1 gap(s) in candle series. Max gap: 24.0x bars.", "correlation_id": "150bdb11-ded5-44bc-9309-71c53c492519", "module": "logger", "line_no": 47}
Merging Open Interest, Funding Rate, and Fear & Greed for DOTUSDT...
{"timestamp_utc": "2026-08-14T20:37:13.707118+00:00", "level": "WARNING", "logger": "trading_bot", "message": "[BTCUSDT 15m Data Continuity] Detected 1 gap(s) in candle series. Max gap: 24.0x bars.", "correlation_id": "9ce9fdd5-09fd-4911-8a97-8b0f25d35df5", "module": "logger", "line_no": 47}
Engineering features for DOTUSDT...
Successfully processed DOTUSDT: 2965 rows.

=== Combined Training Dataset: 26708 total rows across 9 symbols ===
[Training Optimization] Reusing existing 22 features from selected_features_15.json. Skipping RFECV.

Running Adversarial Validation to drop drifted features...
[Adversarial Validation] Purged 7 drifted features:
  - EMA_9 (Separation AUC: 0.268)
  - EMA_21 (Separation AUC: 0.268)
  - EMA_50 (Separation AUC: 0.269)
  - EMA_200 (Separation AUC: 0.270)
  - BB_high (Separation AUC: 0.268)
  - BB_low (Separation AUC: 0.269)
  - BB_mid (Separation AUC: 0.268)
RFECV complete: Selected optimal subset of 21 features (out of 160):
  1. open_interest
  2. funding_rate
  3. fear_greed
  4. oi_change_1h
  5. oi_change_4h
  6. RSI
  7. MACD_diff
  8. MFI
  9. ATR_norm
  10. close_to_EMA9
  11. close_to_EMA21
  12. close_to_EMA50
  13. close_to_EMA200
  14. EMA9_to_EMA21
  15. BB_pct
  16. close_to_Kalman
  17. close_to_Kalman_lag1
  18. close_to_Kalman_lag2
  19. volatility_gk
  20. volatility_gk_lag1
  21. volatility_gk_lag2
Saved selected features list to selected_features_15.json
Fitting Gaussian Mixture Model for Unsupervised Regime Splitting...
Saved GMM model: gmm_regime_15.pkl

Training model set for regime: TRENDING (Candles: 6480)
[TRENDING regime] Reusing existing 22 features from selected_features_15_trending.json. Skipping RFECV.

  [Label Distribution — TRENDING regime, 15m]
    Bearish  (0):    998  ( 15.4%)
    Neutral  (1):   4298  ( 66.3%)
    Bullish  (2):   1184  ( 18.3%)
    Total       :   6480  (100.0%)
  Running Purged & Embargoed Cross-Validation on 5444 samples (15% holdout frozen: 960 samples)...
  Optimizing hyperparameters on first fold...
{"timestamp_utc": "2026-08-14T20:37:33.754063+00:00", "level": "WARNING", "logger": "trading_bot", "message": "Ensemble notice: need to call fit or load_model beforehand", "correlation_id": "0b4361dc-2570-46c9-8d3c-d5e3b287b9a6", "module": "logger", "line_no": 47}
{"timestamp_utc": "2026-08-14T20:37:34.255377+00:00", "level": "WARNING", "logger": "trading_bot", "message": "Ensemble notice: [Feature Shape Mismatch Error (H-04/F-12)] Input vector feature count (22) does not match model expected features (-1). Silent truncation or zero-padding of positional features is prohibited because feature order cannot be guaranteed. Retrain models to match current feature contract.", "correlation_id": "6f64083d-2359-43d6-b768-a2b92f886290", "module": "logger", "line_no": 47}
[Ensemble Warning] LightGBM predict_proba failed: [Feature Shape Mismatch Error (H-04/F-12)] Input vector feature count (22) does not match model expected features (-1). Silent truncation or zero-padding of positional features is prohibited because feature order cannot be guaranteed. Retrain models to match current feature contract.
[Ensemble Warning] LightGBM predict_proba failed: [Feature Shape Mismatch Error (H-04/F-12)] Input vector feature count (22) does not match model expected features (-1). Silent truncation or zero-padding of positional features is prohibited because feature order cannot be guaranteed. Retrain models to match current feature contract.
    - Fold 1: RawAcc=36.1%  BalAcc=36.0%  MacroF1=0.319  MCC=0.029  Kappa=0.025  PR-AUC(Bear=0.159 Bull=0.229)  MAE=0.00406
              precision    recall  f1-score   support

     Bearish       0.16      0.28      0.20       145
     Neutral       0.67      0.36      0.47       601
     Bullish       0.21      0.45      0.29       161

    accuracy                           0.36       907
   macro avg       0.35      0.36      0.32       907
weighted avg       0.51      0.36      0.39       907

[Ensemble Warning] LightGBM predict_proba failed: [Feature Shape Mismatch Error (H-04/F-12)] Input vector feature count (22) does not match model expected features (-1). Silent truncation or zero-padding of positional features is prohibited because feature order cannot be guaranteed. Retrain models to match current feature contract.
{"timestamp_utc": "2026-08-14T20:37:54.977568+00:00", "level": "WARNING", "logger": "trading_bot", "message": "Ensemble notice: need to call fit or load_model beforehand", "correlation_id": "434bb273-828b-4cde-ae7a-92cf007669a8", "module": "logger", "line_no": 47}
{"timestamp_utc": "2026-08-14T20:37:55.590011+00:00", "level": "WARNING", "logger": "trading_bot", "message": "Ensemble notice: [Feature Shape Mismatch Error (H-04/F-12)] Input vector feature count (22) does not match model expected features (-1). Silent truncation or zero-padding of positional features is prohibited because feature order cannot be guaranteed. Retrain models to match current feature contract.", "correlation_id": "5318ec9f-8f19-4128-aa2d-3487d3c0ee98", "module": "logger", "line_no": 47}
[Ensemble Warning] LightGBM predict_proba failed: [Feature Shape Mismatch Error (H-04/F-12)] Input vector feature count (22) does not match model expected features (-1). Silent truncation or zero-padding of positional features is prohibited because feature order cannot be guaranteed. Retrain models to match current feature contract.
[Ensemble Warning] LightGBM predict_proba failed: [Feature Shape Mismatch Error (H-04/F-12)] Input vector feature count (22) does not match model expected features (-1). Silent truncation or zero-padding of positional features is prohibited because feature order cannot be guaranteed. Retrain models to match current feature contract.
    - Fold 2: RawAcc=28.0%  BalAcc=30.3%  MacroF1=0.255  MCC=-0.035  Kappa=-0.029  PR-AUC(Bear=0.145 Bull=0.192)  MAE=0.00361
              precision    recall  f1-score   support

     Bearish       0.12      0.20      0.15       142
     Neutral       0.63      0.25      0.35       593
     Bullish       0.18      0.46      0.26       172

    accuracy                           0.28       907
   macro avg       0.31      0.30      0.26       907
weighted avg       0.46      0.28      0.30       907

[Ensemble Warning] LightGBM predict_proba failed: [Feature Shape Mismatch Error (H-04/F-12)] Input vector feature count (22) does not match model expected features (-1). Silent truncation or zero-padding of positional features is prohibited because feature order cannot be guaranteed. Retrain models to match current feature contract.
{"timestamp_utc": "2026-08-14T20:38:02.163550+00:00", "level": "WARNING", "logger": "trading_bot", "message": "Ensemble notice: need to call fit or load_model beforehand", "correlation_id": "c45feb56-ebcf-454b-8fd8-171b4e6ad031", "module": "logger", "line_no": 47}
{"timestamp_utc": "2026-08-14T20:38:02.634269+00:00", "level": "WARNING", "logger": "trading_bot", "message": "Ensemble notice: [Feature Shape Mismatch Error (H-04/F-12)] Input vector feature count (22) does not match model expected features (-1). Silent truncation or zero-padding of positional features is prohibited because feature order cannot be guaranteed. Retrain models to match current feature contract.", "correlation_id": "d6a7a2fd-e056-42cb-8739-447c1d0c3565", "module": "logger", "line_no": 47}
[Ensemble Warning] LightGBM predict_proba failed: [Feature Shape Mismatch Error (H-04/F-12)] Input vector feature count (22) does not match model expected features (-1). Silent truncation or zero-padding of positional features is prohibited because feature order cannot be guaranteed. Retrain models to match current feature contract.
[Ensemble Warning] LightGBM predict_proba failed: [Feature Shape Mismatch Error (H-04/F-12)] Input vector feature count (22) does not match model expected features (-1). Silent truncation or zero-padding of positional features is prohibited because feature order cannot be guaranteed. Retrain models to match current feature contract.
    - Fold 3: RawAcc=36.2%  BalAcc=39.2%  MacroF1=0.316  MCC=0.110  Kappa=0.086  PR-AUC(Bear=0.147 Bull=0.197)  MAE=0.00699
              precision    recall  f1-score   support

     Bearish       0.15      0.62      0.24       114
     Neutral       0.82      0.37      0.51       607
     Bullish       0.22      0.19      0.20       186

    accuracy                           0.36       907
   macro avg       0.40      0.39      0.32       907
weighted avg       0.61      0.36      0.41       907

[Ensemble Warning] LightGBM predict_proba failed: [Feature Shape Mismatch Error (H-04/F-12)] Input vector feature count (22) does not match model expected features (-1). Silent truncation or zero-padding of positional features is prohibited because feature order cannot be guaranteed. Retrain models to match current feature contract.
{"timestamp_utc": "2026-08-14T20:38:07.193274+00:00", "level": "WARNING", "logger": "trading_bot", "message": "Ensemble notice: need to call fit or load_model beforehand", "correlation_id": "e460f2ac-7424-4bf8-bac1-aa69adadcba0", "module": "logger", "line_no": 47}
{"timestamp_utc": "2026-08-14T20:38:07.524542+00:00", "level": "WARNING", "logger": "trading_bot", "message": "Ensemble notice: [Feature Shape Mismatch Error (H-04/F-12)] Input vector feature count (22) does not match model expected features (-1). Silent truncation or zero-padding of positional features is prohibited because feature order cannot be guaranteed. Retrain models to match current feature contract.", "correlation_id": "d742deea-206f-4c4b-90a1-4f7b71179bac", "module": "logger", "line_no": 47}
[Ensemble Warning] LightGBM predict_proba failed: [Feature Shape Mismatch Error (H-04/F-12)] Input vector feature count (22) does not match model expected features (-1). Silent truncation or zero-padding of positional features is prohibited because feature order cannot be guaranteed. Retrain models to match current feature contract.
[Ensemble Warning] LightGBM predict_proba failed: [Feature Shape Mismatch Error (H-04/F-12)] Input vector feature count (22) does not match model expected features (-1). Silent truncation or zero-padding of positional features is prohibited because feature order cannot be guaranteed. Retrain models to match current feature contract.
    - Fold 4: RawAcc=33.1%  BalAcc=38.4%  MacroF1=0.242  MCC=0.119  Kappa=0.068  PR-AUC(Bear=0.176 Bull=0.199)  MAE=0.00607
              precision    recall  f1-score   support

     Bearish       0.00      0.00      0.00       155
     Neutral       0.78      0.25      0.38       582
     Bullish       0.21      0.90      0.34       170

    accuracy                           0.33       907
   macro avg       0.33      0.38      0.24       907
weighted avg       0.54      0.33      0.31       907

[Ensemble Warning] LightGBM predict_proba failed: [Feature Shape Mismatch Error (H-04/F-12)] Input vector feature count (22) does not match model expected features (-1). Silent truncation or zero-padding of positional features is prohibited because feature order cannot be guaranteed. Retrain models to match current feature contract.
{"timestamp_utc": "2026-08-14T20:38:12.032191+00:00", "level": "WARNING", "logger": "trading_bot", "message": "Ensemble notice: need to call fit or load_model beforehand", "correlation_id": "c361d391-d396-419d-b4dd-3536dd20f607", "module": "logger", "line_no": 47}
{"timestamp_utc": "2026-08-14T20:38:12.369216+00:00", "level": "WARNING", "logger": "trading_bot", "message": "Ensemble notice: [Feature Shape Mismatch Error (H-04/F-12)] Input vector feature count (22) does not match model expected features (-1). Silent truncation or zero-padding of positional features is prohibited because feature order cannot be guaranteed. Retrain models to match current feature contract.", "correlation_id": "840bc847-7186-4990-ab73-4cd4516ddcb3", "module": "logger", "line_no": 47}
[Ensemble Warning] LightGBM predict_proba failed: [Feature Shape Mismatch Error (H-04/F-12)] Input vector feature count (22) does not match model expected features (-1). Silent truncation or zero-padding of positional features is prohibited because feature order cannot be guaranteed. Retrain models to match current feature contract.
[Ensemble Warning] LightGBM predict_proba failed: [Feature Shape Mismatch Error (H-04/F-12)] Input vector feature count (22) does not match model expected features (-1). Silent truncation or zero-padding of positional features is prohibited because feature order cannot be guaranteed. Retrain models to match current feature contract.
    - Fold 5: RawAcc=54.0%  BalAcc=39.0%  MacroF1=0.349  MCC=0.075  Kappa=0.072  PR-AUC(Bear=0.179 Bull=0.185)  MAE=0.00583
              precision    recall  f1-score   support

     Bearish       0.21      0.44      0.28       115
     Neutral       0.73      0.68      0.70       634
     Bullish       0.10      0.04      0.06       158

    accuracy                           0.54       907
   macro avg       0.35      0.39      0.35       907
weighted avg       0.55      0.54      0.54       907

[Ensemble Warning] LightGBM predict_proba failed: [Feature Shape Mismatch Error (H-04/F-12)] Input vector feature count (22) does not match model expected features (-1). Silent truncation or zero-padding of positional features is prohibited because feature order cannot be guaranteed. Retrain models to match current feature contract.

  === Aggregate Confusion Matrix (TRENDING 15m) ===
               Pred Bearish  Pred Neutral  Pred Bullish
  True Bearish:       191         202         278
  True Neutral:       761        1162        1094
  True Bullish:       260         241         346

  === CV Summary (TRENDING 15m) ===
  Raw Accuracy:       37.46%
  Balanced Accuracy:  mean=36.59%  std=3.33%  min=30.32%  max=39.22%
  Macro F1:           mean=0.2965  std=0.0410
  MCC:                mean=0.0594  std=0.0569
  Cohen Kappa:        0.0446
  PR-AUC (Bear/Bull): 0.1611 / 0.2005
  MAE (Price):        0.0053
  Meta-Classifier Training Samples: 2930 (Positive rate: 18.33%)
  Meta-Classifier trained successfully.
  [Calibrator] Saved Isotonic/Platt calibrator to calibrator_trending_15.json (N=2930)
  Training final ensemble models on complete trending dataset...
[Ensemble Stacking] Classifier Meta-Learner calibrated successfully with accuracy weights: [0.3819631006814097, 0.4015336168092942, 0.21650328250929599]
[Ensemble Stacking] Regressor Meta-Learner calibrated via RidgeCV (chosen alpha=0.0010).
  [Champion-Challenger] Champion model incompatible with challenger.
    Reason    : Champion uses legacy unclamped barrier targets (TP=2.50x > 2.0x)
    Champion  : 22 features | hash=44acc0809fe0
              : ['open_interest', 'funding_rate', 'fear_greed', 'oi_change_1h', 'oi_change_4h', 'RSI', 'MACD_diff', 'EMA_9', 'EMA_21', 'EMA_50', 'EMA_200', 'BB_high', 'BB_low', 'BB_mid', 'MFI', 'ATR_norm', 'close_to_EMA9', 'close_to_EMA21', 'close_to_EMA50', 'close_to_EMA200', 'EMA9_to_EMA21', 'BB_pct']
    Challenger: 22 features | hash=44acc0809fe0
              : ['open_interest', 'funding_rate', 'fear_greed', 'oi_change_1h', 'oi_change_4h', 'RSI', 'MACD_diff', 'EMA_9', 'EMA_21', 'EMA_50', 'EMA_200', 'BB_high', 'BB_low', 'BB_mid', 'MFI', 'ATR_norm', 'close_to_EMA9', 'close_to_EMA21', 'close_to_EMA50', 'close_to_EMA200', 'EMA9_to_EMA21', 'BB_pct']
    Champion comparison skipped. New model automatically promoted.
  [Champion-Challenger] No existing champion (or contract updated) for TRENDING. Promoting challenger.
  [Predictive Floor Gate] REJECTED: Challenger anti-correlated on at least one CV fold (min fold MCC = -0.0353 < 0.0)
  [Champion-Challenger Contract Override] Champion has incompatible feature contract. Forcing overwrite of model files to enforce feature contract alignment.
  Saved ensemble and meta-classifier models for regime: TRENDING
[Model Registry] Registered ensemble_trending_15 (Run ID: train_15m_trending_1786739904) under stage 'Production'
[MLflow Registry Sync] Synced model 'ensemble_trending_15' metrics and stage 'Production' to run 4a599d92ff9d48bea6acedc8841d8659

Training model set for regime: RANGING (Candles: 20228)
[RANGING regime] Reusing existing 22 features from selected_features_15_ranging.json. Skipping RFECV.

  [Label Distribution — RANGING regime, 15m]
    Bearish  (0):   4870  ( 24.1%)
    Neutral  (1):  10733  ( 53.1%)
    Bullish  (2):   4625  ( 22.9%)
    Total       :  20228  (100.0%)
  Running Purged & Embargoed Cross-Validation on 17182 samples (15% holdout frozen: 2832 samples)...
  Optimizing hyperparameters on first fold...
{"timestamp_utc": "2026-08-14T20:38:36.461075+00:00", "level": "WARNING", "logger": "trading_bot", "message": "Ensemble notice: need to call fit or load_model beforehand", "correlation_id": "f4ce4585-d5a1-4932-af39-22ec91bfa044", "module": "logger", "line_no": 47}
{"timestamp_utc": "2026-08-14T20:38:37.240715+00:00", "level": "WARNING", "logger": "trading_bot", "message": "Ensemble notice: [Feature Shape Mismatch Error (H-04/F-12)] Input vector feature count (22) does not match model expected features (-1). Silent truncation or zero-padding of positional features is prohibited because feature order cannot be guaranteed. Retrain models to match current feature contract.", "correlation_id": "953cc328-6192-4d21-a8cd-c609bbe6820a", "module": "logger", "line_no": 47}
[Ensemble Warning] LightGBM predict_proba failed: [Feature Shape Mismatch Error (H-04/F-12)] Input vector feature count (22) does not match model expected features (-1). Silent truncation or zero-padding of positional features is prohibited because feature order cannot be guaranteed. Retrain models to match current feature contract.
[Ensemble Warning] LightGBM predict_proba failed: [Feature Shape Mismatch Error (H-04/F-12)] Input vector feature count (22) does not match model expected features (-1). Silent truncation or zero-padding of positional features is prohibited because feature order cannot be guaranteed. Retrain models to match current feature contract.
    - Fold 1: RawAcc=23.8%  BalAcc=32.6%  MacroF1=0.141  MCC=-0.026  Kappa=-0.007  PR-AUC(Bear=0.226 Bull=0.260)  MAE=0.00480
              precision    recall  f1-score   support

     Bearish       0.23      0.95      0.37       676
     Neutral       0.53      0.02      0.05      1549
     Bullish       0.04      0.00      0.00       638

    accuracy                           0.24      2863
   macro avg       0.27      0.33      0.14      2863
weighted avg       0.35      0.24      0.11      2863

[Ensemble Warning] LightGBM predict_proba failed: [Feature Shape Mismatch Error (H-04/F-12)] Input vector feature count (22) does not match model expected features (-1). Silent truncation or zero-padding of positional features is prohibited because feature order cannot be guaranteed. Retrain models to match current feature contract.
{"timestamp_utc": "2026-08-14T20:38:47.620088+00:00", "level": "WARNING", "logger": "trading_bot", "message": "Ensemble notice: need to call fit or load_model beforehand", "correlation_id": "05328686-28b9-4558-8638-889de4e203d0", "module": "logger", "line_no": 47}
{"timestamp_utc": "2026-08-14T20:38:48.078908+00:00", "level": "WARNING", "logger": "trading_bot", "message": "Ensemble notice: [Feature Shape Mismatch Error (H-04/F-12)] Input vector feature count (22) does not match model expected features (-1). Silent truncation or zero-padding of positional features is prohibited because feature order cannot be guaranteed. Retrain models to match current feature contract.", "correlation_id": "06b2e3c8-781d-4c20-8c27-97c5fb7a5935", "module": "logger", "line_no": 47}
[Ensemble Warning] LightGBM predict_proba failed: [Feature Shape Mismatch Error (H-04/F-12)] Input vector feature count (22) does not match model expected features (-1). Silent truncation or zero-padding of positional features is prohibited because feature order cannot be guaranteed. Retrain models to match current feature contract.
[Ensemble Warning] LightGBM predict_proba failed: [Feature Shape Mismatch Error (H-04/F-12)] Input vector feature count (22) does not match model expected features (-1). Silent truncation or zero-padding of positional features is prohibited because feature order cannot be guaranteed. Retrain models to match current feature contract.
    - Fold 2: RawAcc=24.6%  BalAcc=33.6%  MacroF1=0.152  MCC=0.016  Kappa=0.005  PR-AUC(Bear=0.219 Bull=0.235)  MAE=0.00387
              precision    recall  f1-score   support

     Bearish       0.24      0.97      0.38       669
     Neutral       0.61      0.04      0.07      1472
     Bullish       0.12      0.00      0.01       722

    accuracy                           0.25      2863
   macro avg       0.32      0.34      0.15      2863
weighted avg       0.40      0.25      0.13      2863

[Ensemble Warning] LightGBM predict_proba failed: [Feature Shape Mismatch Error (H-04/F-12)] Input vector feature count (22) does not match model expected features (-1). Silent truncation or zero-padding of positional features is prohibited because feature order cannot be guaranteed. Retrain models to match current feature contract.
{"timestamp_utc": "2026-08-14T20:38:57.032753+00:00", "level": "WARNING", "logger": "trading_bot", "message": "Ensemble notice: need to call fit or load_model beforehand", "correlation_id": "3bf547fa-6bb6-4210-af85-e879b0f1a3b7", "module": "logger", "line_no": 47}
{"timestamp_utc": "2026-08-14T20:38:57.502748+00:00", "level": "WARNING", "logger": "trading_bot", "message": "Ensemble notice: [Feature Shape Mismatch Error (H-04/F-12)] Input vector feature count (22) does not match model expected features (-1). Silent truncation or zero-padding of positional features is prohibited because feature order cannot be guaranteed. Retrain models to match current feature contract.", "correlation_id": "be1a1155-9a5b-4738-aa5a-6c7a9e7799cc", "module": "logger", "line_no": 47}
[Ensemble Warning] LightGBM predict_proba failed: [Feature Shape Mismatch Error (H-04/F-12)] Input vector feature count (22) does not match model expected features (-1). Silent truncation or zero-padding of positional features is prohibited because feature order cannot be guaranteed. Retrain models to match current feature contract.
[Ensemble Warning] LightGBM predict_proba failed: [Feature Shape Mismatch Error (H-04/F-12)] Input vector feature count (22) does not match model expected features (-1). Silent truncation or zero-padding of positional features is prohibited because feature order cannot be guaranteed. Retrain models to match current feature contract.
    - Fold 3: RawAcc=29.7%  BalAcc=34.2%  MacroF1=0.277  MCC=0.010  Kappa=0.008  PR-AUC(Bear=0.275 Bull=0.208)  MAE=0.00667
              precision    recall  f1-score   support

     Bearish       0.30      0.15      0.20       718
     Neutral       0.52      0.21      0.30      1504
     Bullish       0.23      0.67      0.34       641

    accuracy                           0.30      2863
   macro avg       0.35      0.34      0.28      2863
weighted avg       0.40      0.30      0.28      2863

[Ensemble Warning] LightGBM predict_proba failed: [Feature Shape Mismatch Error (H-04/F-12)] Input vector feature count (22) does not match model expected features (-1). Silent truncation or zero-padding of positional features is prohibited because feature order cannot be guaranteed. Retrain models to match current feature contract.
{"timestamp_utc": "2026-08-14T20:39:07.380012+00:00", "level": "WARNING", "logger": "trading_bot", "message": "Ensemble notice: need to call fit or load_model beforehand", "correlation_id": "c84b2573-31fd-4077-a449-cd8f0a8a3980", "module": "logger", "line_no": 47}
{"timestamp_utc": "2026-08-14T20:39:07.828085+00:00", "level": "WARNING", "logger": "trading_bot", "message": "Ensemble notice: [Feature Shape Mismatch Error (H-04/F-12)] Input vector feature count (22) does not match model expected features (-1). Silent truncation or zero-padding of positional features is prohibited because feature order cannot be guaranteed. Retrain models to match current feature contract.", "correlation_id": "38c1bb75-be83-40c2-8d2e-5d0d5434f0ff", "module": "logger", "line_no": 47}
[Ensemble Warning] LightGBM predict_proba failed: [Feature Shape Mismatch Error (H-04/F-12)] Input vector feature count (22) does not match model expected features (-1). Silent truncation or zero-padding of positional features is prohibited because feature order cannot be guaranteed. Retrain models to match current feature contract.
[Ensemble Warning] LightGBM predict_proba failed: [Feature Shape Mismatch Error (H-04/F-12)] Input vector feature count (22) does not match model expected features (-1). Silent truncation or zero-padding of positional features is prohibited because feature order cannot be guaranteed. Retrain models to match current feature contract.
    - Fold 4: RawAcc=26.5%  BalAcc=35.3%  MacroF1=0.219  MCC=0.046  Kappa=0.024  PR-AUC(Bear=0.300 Bull=0.239)  MAE=0.00527
              precision    recall  f1-score   support

     Bearish       0.41      0.05      0.09       746
     Neutral       0.61      0.14      0.23      1532
     Bullish       0.21      0.87      0.34       585

    accuracy                           0.27      2863
   macro avg       0.41      0.35      0.22      2863
weighted avg       0.47      0.27      0.21      2863

[Ensemble Warning] LightGBM predict_proba failed: [Feature Shape Mismatch Error (H-04/F-12)] Input vector feature count (22) does not match model expected features (-1). Silent truncation or zero-padding of positional features is prohibited because feature order cannot be guaranteed. Retrain models to match current feature contract.
{"timestamp_utc": "2026-08-14T20:39:15.893245+00:00", "level": "WARNING", "logger": "trading_bot", "message": "Ensemble notice: need to call fit or load_model beforehand", "correlation_id": "520f26cf-6e30-4778-bd54-9c5cccfb42d1", "module": "logger", "line_no": 47}
{"timestamp_utc": "2026-08-14T20:39:16.317174+00:00", "level": "WARNING", "logger": "trading_bot", "message": "Ensemble notice: [Feature Shape Mismatch Error (H-04/F-12)] Input vector feature count (22) does not match model expected features (-1). Silent truncation or zero-padding of positional features is prohibited because feature order cannot be guaranteed. Retrain models to match current feature contract.", "correlation_id": "b765d91f-fac0-4f7a-9ac9-4bda4e6663d0", "module": "logger", "line_no": 47}
[Ensemble Warning] LightGBM predict_proba failed: [Feature Shape Mismatch Error (H-04/F-12)] Input vector feature count (22) does not match model expected features (-1). Silent truncation or zero-padding of positional features is prohibited because feature order cannot be guaranteed. Retrain models to match current feature contract.
[Ensemble Warning] LightGBM predict_proba failed: [Feature Shape Mismatch Error (H-04/F-12)] Input vector feature count (22) does not match model expected features (-1). Silent truncation or zero-padding of positional features is prohibited because feature order cannot be guaranteed. Retrain models to match current feature contract.
    - Fold 5: RawAcc=35.9%  BalAcc=35.7%  MacroF1=0.343  MCC=0.035  Kappa=0.034  PR-AUC(Bear=0.253 Bull=0.268)  MAE=0.00573
              precision    recall  f1-score   support

     Bearish       0.24      0.41      0.31       658
     Neutral       0.56      0.37      0.44      1526
     Bullish       0.26      0.30      0.28       679

    accuracy                           0.36      2863
   macro avg       0.36      0.36      0.34      2863
weighted avg       0.42      0.36      0.37      2863

[Ensemble Warning] LightGBM predict_proba failed: [Feature Shape Mismatch Error (H-04/F-12)] Input vector feature count (22) does not match model expected features (-1). Silent truncation or zero-padding of positional features is prohibited because feature order cannot be guaranteed. Retrain models to match current feature contract.

  === Aggregate Confusion Matrix (RANGING 15m) ===
               Pred Bearish  Pred Neutral  Pred Bullish
  True Bearish:      1706         479        1282
  True Neutral:      3703        1174        2706
  True Bullish:      1664         457        1144

  === CV Summary (RANGING 15m) ===
  Raw Accuracy:       28.11%
  Balanced Accuracy:  mean=34.30%  std=1.13%  min=32.60%  max=35.73%
  Macro F1:           mean=0.2263  std=0.0762
  MCC:                mean=0.0162  std=0.0248
  Cohen Kappa:        0.0128
  PR-AUC (Bear/Bull): 0.2545 / 0.2421
  MAE (Price):        0.0053
  Meta-Classifier Training Samples: 12205 (Positive rate: 23.35%)
  Meta-Classifier trained successfully.
  [Calibrator] Saved Isotonic/Platt calibrator to calibrator_ranging_15.json (N=12205)
  Training final ensemble models on complete ranging dataset...
[Ensemble Stacking] Classifier Meta-Learner calibrated successfully with accuracy weights: [0.3717173655759203, 0.518856155839171, 0.10942647858490877]
[Ensemble Stacking] Regressor Meta-Learner calibrated via RidgeCV (chosen alpha=0.0010).
  [Champion-Challenger] Champion model incompatible with challenger.
    Reason    : Champion uses legacy unclamped barrier targets (TP=2.50x > 2.0x)
    Champion  : 22 features | hash=44acc0809fe0
              : ['open_interest', 'funding_rate', 'fear_greed', 'oi_change_1h', 'oi_change_4h', 'RSI', 'MACD_diff', 'EMA_9', 'EMA_21', 'EMA_50', 'EMA_200', 'BB_high', 'BB_low', 'BB_mid', 'MFI', 'ATR_norm', 'close_to_EMA9', 'close_to_EMA21', 'close_to_EMA50', 'close_to_EMA200', 'EMA9_to_EMA21', 'BB_pct']
    Challenger: 22 features | hash=44acc0809fe0
              : ['open_interest', 'funding_rate', 'fear_greed', 'oi_change_1h', 'oi_change_4h', 'RSI', 'MACD_diff', 'EMA_9', 'EMA_21', 'EMA_50', 'EMA_200', 'BB_high', 'BB_low', 'BB_mid', 'MFI', 'ATR_norm', 'close_to_EMA9', 'close_to_EMA21', 'close_to_EMA50', 'close_to_EMA200', 'EMA9_to_EMA21', 'BB_pct']
    Champion comparison skipped. New model automatically promoted.
  [Champion-Challenger] No existing champion (or contract updated) for RANGING. Promoting challenger.
  [Predictive Floor Gate] REJECTED: Challenger MCC (0.0162) below predictive floor (0.05)
  [Champion-Challenger Contract Override] Champion has incompatible feature contract. Forcing overwrite of model files to enforce feature contract alignment.
  Saved ensemble and meta-classifier models for regime: RANGING
[Model Registry] Registered ensemble_ranging_15 (Run ID: train_15m_ranging_1786739976) under stage 'Production'
[MLflow Registry Sync] Synced model 'ensemble_ranging_15' metrics and stage 'Production' to run a5cc7e64d0db44e8994a77a98934c208
[Governance] Persisted last_study_trial_count=41 to governance_state.json
🧹 [Disk Cleanup] Successfully purged temporary catboost_info directory.
